Archive member included to satisfy reference by file (symbol)

app/libapp.a(Zephyr_Thread_Creation.c.obj)
                              (--whole-archive)
zephyr/libzephyr.a(cbprintf.c.obj)
                              (--whole-archive)
zephyr/libzephyr.a(cbprintf_packaged.c.obj)
                              (--whole-archive)
zephyr/libzephyr.a(crc32c_sw.c.obj)
                              (--whole-archive)
zephyr/libzephyr.a(crc32_sw.c.obj)
                              (--whole-archive)
zephyr/libzephyr.a(crc16_sw.c.obj)
                              (--whole-archive)
zephyr/libzephyr.a(crc8_sw.c.obj)
                              (--whole-archive)
zephyr/libzephyr.a(crc7_sw.c.obj)
                              (--whole-archive)
zephyr/libzephyr.a(dec.c.obj)
                              (--whole-archive)
zephyr/libzephyr.a(fdtable.c.obj)
                              (--whole-archive)
zephyr/libzephyr.a(hex.c.obj)
                              (--whole-archive)
zephyr/libzephyr.a(notify.c.obj)
                              (--whole-archive)
zephyr/libzephyr.a(printk.c.obj)
                              (--whole-archive)
zephyr/libzephyr.a(onoff.c.obj)
                              (--whole-archive)
zephyr/libzephyr.a(rb.c.obj)  (--whole-archive)
zephyr/libzephyr.a(sem.c.obj)
                              (--whole-archive)
zephyr/libzephyr.a(thread_entry.c.obj)
                              (--whole-archive)
zephyr/libzephyr.a(timeutil.c.obj)
                              (--whole-archive)
zephyr/libzephyr.a(heap.c.obj)
                              (--whole-archive)
zephyr/libzephyr.a(heap-validate.c.obj)
                              (--whole-archive)
zephyr/libzephyr.a(bitarray.c.obj)
                              (--whole-archive)
zephyr/libzephyr.a(cbprintf_complete.c.obj)
                              (--whole-archive)
zephyr/libzephyr.a(configs.c.obj)
                              (--whole-archive)
zephyr/libzephyr.a(addr_utils.c.obj)
                              (--whole-archive)
zephyr/libzephyr.a(tracing_none.c.obj)
                              (--whole-archive)
zephyr/arch/arch/posix/core/libarch__posix__core.a(cpuhalt.c.obj)
                              (--whole-archive)
zephyr/arch/arch/posix/core/libarch__posix__core.a(fatal.c.obj)
                              (--whole-archive)
zephyr/arch/arch/posix/core/libarch__posix__core.a(irq.c.obj)
                              (--whole-archive)
zephyr/arch/arch/posix/core/libarch__posix__core.a(posix_core.c.obj)
                              (--whole-archive)
zephyr/arch/arch/posix/core/libarch__posix__core.a(swap.c.obj)
                              (--whole-archive)
zephyr/arch/arch/posix/core/libarch__posix__core.a(thread.c.obj)
                              (--whole-archive)
zephyr/soc/posix/inf_clock/libsoc__posix__inf_clock.a(soc.c.obj)
                              (--whole-archive)
zephyr/boards/posix/native_posix/libboards__posix__native_posix.a(hw_models_top.c.obj)
                              (--whole-archive)
zephyr/boards/posix/native_posix/libboards__posix__native_posix.a(timer_model.c.obj)
                              (--whole-archive)
zephyr/boards/posix/native_posix/libboards__posix__native_posix.a(native_rtc.c.obj)
                              (--whole-archive)
zephyr/boards/posix/native_posix/libboards__posix__native_posix.a(irq_handler.c.obj)
                              (--whole-archive)
zephyr/boards/posix/native_posix/libboards__posix__native_posix.a(irq_ctrl.c.obj)
                              (--whole-archive)
zephyr/boards/posix/native_posix/libboards__posix__native_posix.a(main.c.obj)
                              (--whole-archive)
zephyr/boards/posix/native_posix/libboards__posix__native_posix.a(tracing.c.obj)
                              (--whole-archive)
zephyr/boards/posix/native_posix/libboards__posix__native_posix.a(cmdline_common.c.obj)
                              (--whole-archive)
zephyr/boards/posix/native_posix/libboards__posix__native_posix.a(cmdline.c.obj)
                              (--whole-archive)
zephyr/boards/posix/native_posix/libboards__posix__native_posix.a(cpu_wait.c.obj)
                              (--whole-archive)
zephyr/boards/posix/native_posix/libboards__posix__native_posix.a(hw_counter.c.obj)
                              (--whole-archive)
zephyr/subsys/net/libsubsys__net.a(buf.c.obj)
                              (--whole-archive)
zephyr/subsys/net/l2/ethernet/libsubsys__net__l2__ethernet.a(ethernet.c.obj)
                              (--whole-archive)
zephyr/subsys/net/ip/libsubsys__net__ip.a(net_core.c.obj)
                              (--whole-archive)
zephyr/subsys/net/ip/libsubsys__net__ip.a(net_if.c.obj)
                              (--whole-archive)
zephyr/subsys/net/ip/libsubsys__net__ip.a(net_timeout.c.obj)
                              (--whole-archive)
zephyr/subsys/net/ip/libsubsys__net__ip.a(utils.c.obj)
                              (--whole-archive)
[...]
Memory Configuration

Name             Origin             Length             Attributes
*default*        0x0000000000000000 0xffffffffffffffff

Linker script and memory map

LOAD app/libapp.a
LOAD zephyr/libzephyr.a
LOAD zephyr/arch/arch/posix/core/libarch__posix__core.a
LOAD zephyr/soc/posix/inf_clock/libsoc__posix__inf_clock.a
LOAD zephyr/boards/posix/native_posix/libboards__posix__native_posix.a
LOAD zephyr/subsys/net/libsubsys__net.a
LOAD zephyr/subsys/net/l2/ethernet/libsubsys__net__l2__ethernet.a
LOAD zephyr/subsys/net/ip/libsubsys__net__ip.a
LOAD zephyr/subsys/random/libsubsys__random.a
LOAD zephyr/drivers/console/libdrivers__console.a
LOAD zephyr/drivers/ethernet/libdrivers__ethernet.a
LOAD zephyr/drivers/entropy/libdrivers__entropy.a
LOAD zephyr/drivers/timer/libdrivers__timer.a
LOAD modules/mbedtls/libmodules__mbedtls.a
LOAD zephyr/kernel/libkernel.a
LOAD /usr/lib/gcc/x86_64-linux-gnu/11/../../../../lib32/libdl.a
LOAD /usr/lib/gcc/x86_64-linux-gnu/11/../../../../lib32/libm.so
LOAD /usr/lib/gcc/x86_64-linux-gnu/11/32/libgcc.a
LOAD /usr/lib/gcc/x86_64-linux-gnu/11/32/libgcc_s.so
START GROUP
LOAD /usr/lib/gcc/x86_64-linux-gnu/11/../../../../lib32/libgcc_s.so.1
LOAD /usr/lib/gcc/x86_64-linux-gnu/11/32/libgcc.a
END GROUP
LOAD /usr/lib/gcc/x86_64-linux-gnu/11/../../../../lib32/libpthread.a
LOAD /usr/lib/gcc/x86_64-linux-gnu/11/../../../../lib32/libc.so
START GROUP
LOAD /lib32/libc.so.6
LOAD /usr/lib32/libc_nonshared.a
LOAD /lib/ld-linux.so.2
END GROUP
LOAD /usr/lib/gcc/x86_64-linux-gnu/11/32/libgcc.a
LOAD /usr/lib/gcc/x86_64-linux-gnu/11/32/libgcc_s.so
START GROUP
LOAD /usr/lib/gcc/x86_64-linux-gnu/11/../../../../lib32/libgcc_s.so.1
LOAD /usr/lib/gcc/x86_64-linux-gnu/11/32/libgcc.a
END GROUP
LOAD /usr/lib/gcc/x86_64-linux-gnu/11/32/crtendS.o
LOAD /usr/lib/gcc/x86_64-linux-gnu/11/../../../../lib32/crtn.o
                [!provide]                        PROVIDE (__executable_start = SEGMENT_START ("text-segment", 0x0))
                0x0000000000000194                . = (SEGMENT_START ("text-segment", 0x0) + SIZEOF_HEADERS)

.interp         0x0000000000000194       0x13
 *(SORT_BY_ALIGNMENT(.interp))
 .interp        0x0000000000000194       0x13 /usr/lib/gcc/x86_64-linux-gnu/11/../../../../lib32/Scrt1.o

.note.ABI-tag   0x00000000000001a8       0x20
 .note.ABI-tag  0x00000000000001a8       0x20 /usr/lib/gcc/x86_64-linux-gnu/11/../../../../lib32/Scrt1.o

.note.gnu.build-id
 *(SORT_BY_ALIGNMENT(.note.gnu.build-id))

.hash
 *(SORT_BY_ALIGNMENT(.hash))

.gnu.hash       0x00000000000001c8       0x34
 *(SORT_BY_ALIGNMENT(.gnu.hash))
 .gnu.hash      0x00000000000001c8       0x34 /usr/lib/gcc/x86_64-linux-gnu/11/../../../../lib32/Scrt1.o

.dynsym         0x00000000000001fc      0x3f0
 *(SORT_BY_ALIGNMENT(.dynsym))
 .dynsym        0x00000000000001fc      0x3f0 /usr/lib/gcc/x86_64-linux-gnu/11/../../../../lib32/Scrt1.o

.dynstr         0x00000000000005ec      0x345
 *(SORT_BY_ALIGNMENT(.dynstr))
 .dynstr        0x00000000000005ec      0x345 /usr/lib/gcc/x86_64-linux-gnu/11/../../../../lib32/Scrt1.o

.gnu.version    0x0000000000000932       0x7e
 *(SORT_BY_ALIGNMENT(.gnu.version))
 .gnu.version   0x0000000000000932       0x7e /usr/lib/gcc/x86_64-linux-gnu/11/../../../../lib32/Scrt1.o

.gnu.version_d  0x00000000000009b0        0x0
 *(SORT_BY_ALIGNMENT(.gnu.version_d))
 .gnu.version_d
                0x00000000000009b0        0x0 /usr/lib/gcc/x86_64-linux-gnu/11/../../../../lib32/Scrt1.o

.gnu.version_r  0x00000000000009b0       0xa0
 *(SORT_BY_ALIGNMENT(.gnu.version_r))
 .gnu.version_r
                0x00000000000009b0       0xa0 /usr/lib/gcc/x86_64-linux-gnu/11/../../../../lib32/Scrt1.o

.rel.dyn        0x0000000000000a50     0x26d8
 *(SORT_BY_ALIGNMENT(.rel.init))
 *(SORT_BY_ALIGNMENT(.rel.text) SORT_BY_ALIGNMENT(.rel.text.*) SORT_BY_ALIGNMENT(.rel.gnu.linkonce.t.*))
 .rel.text.thread1_function
                0x0000000000000a50        0x8 /usr/lib/gcc/x86_64-linux-gnu/11/../../../../lib32/Scrt1.o
 .rel.text.thread2_function
                0x0000000000000a58        0x8 /usr/lib/gcc/x86_64-linux-gnu/11/../../../../lib32/Scrt1.o
 .rel.text.zephyr_app_main
                0x0000000000000a60       0x38 /usr/lib/gcc/x86_64-linux-gnu/11/../../../../lib32/Scrt1.o
 .rel.text.char_out
                0x0000000000000a98        0x8 /usr/lib/gcc/x86_64-linux-gnu/11/../../../../lib32/Scrt1.o
 .rel.text.__printk_hook_install
                0x0000000000000aa0        0x8 /usr/lib/gcc/x86_64-linux-gnu/11/../../../../lib32/Scrt1.o
 .rel.text.vprintk
                0x0000000000000aa8       0x10 /usr/lib/gcc/x86_64-linux-gnu/11/../../../../lib32/Scrt1.o
 .rel.text.vsnprintk
                0x0000000000000ab8       0x10 /usr/lib/gcc/x86_64-linux-gnu/11/../../../../lib32/Scrt1.o
 .rel.text.z_thread_entry
                0x0000000000000ac8       0x10 /usr/lib/gcc/x86_64-linux-gnu/11/../../../../lib32/Scrt1.o
 .rel.text.extract_decimal
                0x0000000000000ad8        0x8 /usr/lib/gcc/x86_64-linux-gnu/11/../../../../lib32/Scrt1.o
 .rel.text.encode_uint
                0x0000000000000ae0        0x8 /usr/lib/gcc/x86_64-linux-gnu/11/../../../../lib32/Scrt1.o
 .rel.text.cbvprintf
                0x0000000000000ae8       0x40 /usr/lib/gcc/x86_64-linux-gnu/11/../../../../lib32/Scrt1.o
 .rel.text.pc_safe_call
                0x0000000000000b28       0x10 /usr/lib/gcc/x86_64-linux-gnu/11/../../../../lib32/Scrt1.o
 .rel.text.posix_preexit_cleanup
                0x0000000000000b38       0x28 /usr/lib/gcc/x86_64-linux-gnu/11/../../../../lib32/Scrt1.o
 .rel.text.abort_tail
                0x0000000000000b60       0x10 /usr/lib/gcc/x86_64-linux-gnu/11/../../../../lib32/Scrt1.o
 .rel.text.posix_wait_until_allowed
                0x0000000000000b70       0x38 /usr/lib/gcc/x86_64-linux-gnu/11/../../../../lib32/Scrt1.o
 .rel.text.posix_cleanup_handler
                0x0000000000000ba8       0x30 /usr/lib/gcc/x86_64-linux-gnu/11/../../../../lib32/Scrt1.o
 .rel.text.posix_thread_starter
                0x0000000000000bd8       0x48 /usr/lib/gcc/x86_64-linux-gnu/11/../../../../lib32/Scrt1.o
 .rel.text.posix_swap
                0x0000000000000c20       0x28 /usr/lib/gcc/x86_64-linux-gnu/11/../../../../lib32/Scrt1.o
 .rel.text.posix_main_thread_start
                0x0000000000000c48       0x28 /usr/lib/gcc/x86_64-linux-gnu/11/../../../../lib32/Scrt1.o
 .rel.text.posix_new_thread
                0x0000000000000c70       0x70 /usr/lib/gcc/x86_64-linux-gnu/11/../../../../lib32/Scrt1.o
 .rel.text.posix_init_multithreading
                0x0000000000000ce0       0x48 /usr/lib/gcc/x86_64-linux-gnu/11/../../../../lib32/Scrt1.o
 .rel.text.posix_core_clean_up
                0x0000000000000d28       0x40 /usr/lib/gcc/x86_64-linux-gnu/11/../../../../lib32/Scrt1.o
 .rel.text.posix_abort_thread
                0x0000000000000d68        0x8 /usr/lib/gcc/x86_64-linux-gnu/11/../../../../lib32/Scrt1.o
 .rel.text.z_impl_k_thread_abort
                0x0000000000000d70       0x18 /usr/lib/gcc/x86_64-linux-gnu/11/../../../../lib32/Scrt1.o
 .rel.text.arch_swap
                0x0000000000000d88       0x28 /usr/lib/gcc/x86_64-linux-gnu/11/../../../../lib32/Scrt1.o
 .rel.text.arch_switch_to_main_thread
                0x0000000000000db0       0x10 /usr/lib/gcc/x86_64-linux-gnu/11/../../../../lib32/Scrt1.o
 .rel.text.zephyr_wrapper
                0x0000000000000dc0       0x30 /usr/lib/gcc/x86_64-linux-gnu/11/../../../../lib32/Scrt1.o
 .rel.text.posix_is_cpu_running
                0x0000000000000df0        0x8 /usr/lib/gcc/x86_64-linux-gnu/11/../../../../lib32/Scrt1.o
 .rel.text.posix_change_cpu_state_and_wait
                0x0000000000000df8       0x70 /usr/lib/gcc/x86_64-linux-gnu/11/../../../../lib32/Scrt1.o
 .rel.text.posix_interrupt_raised
                0x0000000000000e68        0x8 /usr/lib/gcc/x86_64-linux-gnu/11/../../../../lib32/Scrt1.o
 .rel.text.posix_boot_cpu
                0x0000000000000e70       0x80 /usr/lib/gcc/x86_64-linux-gnu/11/../../../../lib32/Scrt1.o
 .rel.text.run_native_tasks
                0x0000000000000ef0       0x10 /usr/lib/gcc/x86_64-linux-gnu/11/../../../../lib32/Scrt1.o
 .rel.text.posix_soc_clean_up
                0x0000000000000f00       0x70 /usr/lib/gcc/x86_64-linux-gnu/11/../../../../lib32/Scrt1.o
 .rel.text.hwm_signal_end_handler
                0x0000000000000f70        0x8 /usr/lib/gcc/x86_64-linux-gnu/11/../../../../lib32/Scrt1.o
 .rel.text.hwm_set_sig_handler
                0x0000000000000f78       0x58 /usr/lib/gcc/x86_64-linux-gnu/11/../../../../lib32/Scrt1.o
 .rel.text.hwm_find_next_timer
                0x0000000000000fd0       0x88 /usr/lib/gcc/x86_64-linux-gnu/11/../../../../lib32/Scrt1.o
 .rel.text.hwm_main_loop
                0x0000000000001058       0x90 /usr/lib/gcc/x86_64-linux-gnu/11/../../../../lib32/Scrt1.o
 .rel.text.hwm_set_end_of_time
                0x00000000000010e8       0x10 /usr/lib/gcc/x86_64-linux-gnu/11/../../../../lib32/Scrt1.o
 .rel.text.hwm_get_time
                0x00000000000010f8       0x10 /usr/lib/gcc/x86_64-linux-gnu/11/../../../../lib32/Scrt1.o
 .rel.text.hwtimer_update_timer
                0x0000000000001108       0x38 /usr/lib/gcc/x86_64-linux-gnu/11/../../../../lib32/Scrt1.o
 .rel.text.cmd_realtime_found
                0x0000000000001140        0x8 /usr/lib/gcc/x86_64-linux-gnu/11/../../../../lib32/Scrt1.o
 .rel.text.cmd_no_realtime_found
                0x0000000000001148        0x8 /usr/lib/gcc/x86_64-linux-gnu/11/../../../../lib32/Scrt1.o
 .rel.text.cmd_rtcoffset_found
                0x0000000000001150       0x18 /usr/lib/gcc/x86_64-linux-gnu/11/../../../../lib32/Scrt1.o
 .rel.text.cmd_rtcreset_found
                0x0000000000001168        0x8 /usr/lib/gcc/x86_64-linux-gnu/11/../../../../lib32/Scrt1.o
 .rel.text.native_add_time_options
                0x0000000000001170        0x8 /usr/lib/gcc/x86_64-linux-gnu/11/../../../../lib32/Scrt1.o
 .rel.text.cmd_rt_ratio_found
                0x0000000000001178       0x30 /usr/lib/gcc/x86_64-linux-gnu/11/../../../../lib32/Scrt1.o
 .rel.text.cmd_rt_drift_found
                0x00000000000011a8       0x28 /usr/lib/gcc/x86_64-linux-gnu/11/../../../../lib32/Scrt1.o
 .rel.text.cmd_stop_at_found
                0x00000000000011d0       0x28 /usr/lib/gcc/x86_64-linux-gnu/11/../../../../lib32/Scrt1.o
 .rel.text.get_host_us_time
                0x00000000000011f8       0x28 /usr/lib/gcc/x86_64-linux-gnu/11/../../../../lib32/Scrt1.o
 .rel.text.hwtimer_init
                0x0000000000001220       0x98 /usr/lib/gcc/x86_64-linux-gnu/11/../../../../lib32/Scrt1.o
 .rel.text.hwtimer_enable
                0x00000000000012b8       0x30 /usr/lib/gcc/x86_64-linux-gnu/11/../../../../lib32/Scrt1.o
 .rel.text.hwtimer_timer_reached
                0x00000000000012e8       0xe8 /usr/lib/gcc/x86_64-linux-gnu/11/../../../../lib32/Scrt1.o
 .rel.text.hwtimer_set_silent_ticks
                0x00000000000013d0       0x10 /usr/lib/gcc/x86_64-linux-gnu/11/../../../../lib32/Scrt1.o
 .rel.text.posix_irq_handler
                0x00000000000013e0       0x70 /usr/lib/gcc/x86_64-linux-gnu/11/../../../../lib32/Scrt1.o
 .rel.text.posix_irq_handler_im_from_sw
                0x0000000000001450       0x10 /usr/lib/gcc/x86_64-linux-gnu/11/../../../../lib32/Scrt1.o
 .rel.text.posix_isr_declare
                0x0000000000001460       0x10 /usr/lib/gcc/x86_64-linux-gnu/11/../../../../lib32/Scrt1.o
 .rel.text.irq_raising_from_hw_now
                0x0000000000001470       0x18 /usr/lib/gcc/x86_64-linux-gnu/11/../../../../lib32/Scrt1.o
 .rel.text.hw_irq_ctrl_irq_raise_prefix
                0x0000000000001488       0x38 /usr/lib/gcc/x86_64-linux-gnu/11/../../../../lib32/Scrt1.o
 .rel.text.hw_irq_ctrl_init
                0x00000000000014c0       0x38 /usr/lib/gcc/x86_64-linux-gnu/11/../../../../lib32/Scrt1.o
 .rel.text.hw_irq_ctrl_set_cur_prio
                0x00000000000014f8        0x8 /usr/lib/gcc/x86_64-linux-gnu/11/../../../../lib32/Scrt1.o
 .rel.text.hw_irq_ctrl_get_cur_prio
                0x0000000000001500        0x8 /usr/lib/gcc/x86_64-linux-gnu/11/../../../../lib32/Scrt1.o
 .rel.text.hw_irq_ctrl_prio_set
                0x0000000000001508        0x8 /usr/lib/gcc/x86_64-linux-gnu/11/../../../../lib32/Scrt1.o
 .rel.text.hw_irq_ctrl_get_prio
                0x0000000000001510        0x8 /usr/lib/gcc/x86_64-linux-gnu/11/../../../../lib32/Scrt1.o
 .rel.text.hw_irq_ctrl_get_highest_prio_irq
                0x0000000000001518       0x28 /usr/lib/gcc/x86_64-linux-gnu/11/../../../../lib32/Scrt1.o
 .rel.text.hw_irq_ctrl_get_current_lock
                0x0000000000001540        0x8 /usr/lib/gcc/x86_64-linux-gnu/11/../../../../lib32/Scrt1.o
 .rel.text.hw_irq_ctrl_change_lock
                0x0000000000001548       0x20 /usr/lib/gcc/x86_64-linux-gnu/11/../../../../lib32/Scrt1.o
 .rel.text.hw_irq_ctrl_clear_irq
                0x0000000000001568       0x20 /usr/lib/gcc/x86_64-linux-gnu/11/../../../../lib32/Scrt1.o
 .rel.text.hw_irq_ctrl_set_irq
                0x0000000000001588       0x20 /usr/lib/gcc/x86_64-linux-gnu/11/../../../../lib32/Scrt1.o
 .rel.text.hw_irq_ctrl_raise_im_from_sw
                0x00000000000015a8        0x8 /usr/lib/gcc/x86_64-linux-gnu/11/../../../../lib32/Scrt1.o
 .rel.text.hw_irq_ctrl_enable_irq
                0x00000000000015b0       0x20 /usr/lib/gcc/x86_64-linux-gnu/11/../../../../lib32/Scrt1.o
 .rel.text.hw_irq_ctrl_timer_triggered
                0x00000000000015d0       0x10 /usr/lib/gcc/x86_64-linux-gnu/11/../../../../lib32/Scrt1.o
 .rel.text.posix_exit
                0x00000000000015e0       0x20 /usr/lib/gcc/x86_64-linux-gnu/11/../../../../lib32/Scrt1.o
 .rel.text.trace_disable_color
                0x0000000000001600       0x10 /usr/lib/gcc/x86_64-linux-gnu/11/../../../../lib32/Scrt1.o
 .rel.text.trace_enable_color
                0x0000000000001610       0x10 /usr/lib/gcc/x86_64-linux-gnu/11/../../../../lib32/Scrt1.o
 .rel.text.trace_force_color
                0x0000000000001620       0x10 /usr/lib/gcc/x86_64-linux-gnu/11/../../../../lib32/Scrt1.o
 .rel.text.decide_about_color
                0x0000000000001630       0x30 /usr/lib/gcc/x86_64-linux-gnu/11/../../../../lib32/Scrt1.o
 .rel.text.posix_print_error_and_exit
                0x0000000000001660       0x10 /usr/lib/gcc/x86_64-linux-gnu/11/../../../../lib32/Scrt1.o
 .rel.text.posix_print_warning
                0x0000000000001670       0x10 /usr/lib/gcc/x86_64-linux-gnu/11/../../../../lib32/Scrt1.o
 .rel.text.posix_print_trace
                0x0000000000001680       0x10 /usr/lib/gcc/x86_64-linux-gnu/11/../../../../lib32/Scrt1.o
 .rel.text.native_add_tracing_options
                0x0000000000001690        0x8 /usr/lib/gcc/x86_64-linux-gnu/11/../../../../lib32/Scrt1.o
 .rel.text.cmd_gen_switch_syntax.constprop.0
                0x0000000000001698       0x48 /usr/lib/gcc/x86_64-linux-gnu/11/../../../../lib32/Scrt1.o
 .rel.text.cmd_is_option
                0x00000000000016e0       0x18 /usr/lib/gcc/x86_64-linux-gnu/11/../../../../lib32/Scrt1.o
 .rel.text.cmd_is_help_option
                0x00000000000016f8       0x30 /usr/lib/gcc/x86_64-linux-gnu/11/../../../../lib32/Scrt1.o
 .rel.text.cmd_read_option_value
                0x0000000000001728       0x88 /usr/lib/gcc/x86_64-linux-gnu/11/../../../../lib32/Scrt1.o
 .rel.text.cmd_args_set_defaults
                0x00000000000017b0       0x10 /usr/lib/gcc/x86_64-linux-gnu/11/../../../../lib32/Scrt1.o
 .rel.text.cmd_print_switches_help
                0x00000000000017c0       0x80 /usr/lib/gcc/x86_64-linux-gnu/11/../../../../lib32/Scrt1.o
 .rel.text.cmd_print_long_help
                0x0000000000001840       0xd0 /usr/lib/gcc/x86_64-linux-gnu/11/../../../../lib32/Scrt1.o
 .rel.text.cmd_parse_one_arg
                0x0000000000001910        0x8 /usr/lib/gcc/x86_64-linux-gnu/11/../../../../lib32/Scrt1.o
 .rel.text.native_cleanup_cmd_line
                0x0000000000001918       0x18 /usr/lib/gcc/x86_64-linux-gnu/11/../../../../lib32/Scrt1.o
 .rel.text.native_add_command_line_opts
                0x0000000000001930       0x50 /usr/lib/gcc/x86_64-linux-gnu/11/../../../../lib32/Scrt1.o
 .rel.text.native_add_testargs_option
                0x0000000000001980        0x8 /usr/lib/gcc/x86_64-linux-gnu/11/../../../../lib32/Scrt1.o
 .rel.text.native_handle_cmd_line
                0x0000000000001988       0x48 /usr/lib/gcc/x86_64-linux-gnu/11/../../../../lib32/Scrt1.o
 .rel.text.hw_counter_init
                0x00000000000019d0       0x48 /usr/lib/gcc/x86_64-linux-gnu/11/../../../../lib32/Scrt1.o
 .rel.text.hw_counter_triggered
                0x0000000000001a18       0x68 /usr/lib/gcc/x86_64-linux-gnu/11/../../../../lib32/Scrt1.o
 .rel.text.net_buf_id
                0x0000000000001a80        0x8 /usr/lib/gcc/x86_64-linux-gnu/11/../../../../lib32/Scrt1.o
 .rel.text.fixed_data_alloc
                0x0000000000001a88        0x8 /usr/lib/gcc/x86_64-linux-gnu/11/../../../../lib32/Scrt1.o
 .rel.text.net_buf_alloc_len
                0x0000000000001a90       0x18 /usr/lib/gcc/x86_64-linux-gnu/11/../../../../lib32/Scrt1.o
 .rel.text.net_buf_unref
                0x0000000000001aa8       0x10 /usr/lib/gcc/x86_64-linux-gnu/11/../../../../lib32/Scrt1.o
 .rel.text.ethernet_recv
                0x0000000000001ab8        0x8 /usr/lib/gcc/x86_64-linux-gnu/11/../../../../lib32/Scrt1.o
 .rel.text.ethernet_send
                0x0000000000001ac0        0x8 /usr/lib/gcc/x86_64-linux-gnu/11/../../../../lib32/Scrt1.o
 .rel.text.ethernet_init
                0x0000000000001ac8        0x8 /usr/lib/gcc/x86_64-linux-gnu/11/../../../../lib32/Scrt1.o
 .rel.text.net_send_data
                0x0000000000001ad0       0x10 /usr/lib/gcc/x86_64-linux-gnu/11/../../../../lib32/Scrt1.o
 .rel.text.net_ipv6_is_prefix
                0x0000000000001ae0        0x8 /usr/lib/gcc/x86_64-linux-gnu/11/../../../../lib32/Scrt1.o
 .rel.text.net_ipv6_addr_cmp
                0x0000000000001ae8        0x8 /usr/lib/gcc/x86_64-linux-gnu/11/../../../../lib32/Scrt1.o
 .rel.text.k_mutex_lock.constprop.0.isra.0
                0x0000000000001af0        0x8 /usr/lib/gcc/x86_64-linux-gnu/11/../../../../lib32/Scrt1.o
 .rel.text.k_mutex_unlock.constprop.0.isra.0
                0x0000000000001af8        0x8 /usr/lib/gcc/x86_64-linux-gnu/11/../../../../lib32/Scrt1.o
 .rel.text.iface_router_update_timer
                0x0000000000001b00       0x18 /usr/lib/gcc/x86_64-linux-gnu/11/../../../../lib32/Scrt1.o
 .rel.text.address_lifetime_timeout
                0x0000000000001b18       0x18 /usr/lib/gcc/x86_64-linux-gnu/11/../../../../lib32/Scrt1.o
 .rel.text.net_if_ipv6_start_dad
                0x0000000000001b30       0x18 /usr/lib/gcc/x86_64-linux-gnu/11/../../../../lib32/Scrt1.o
 .rel.text.need_calc_checksum
                0x0000000000001b48        0x8 /usr/lib/gcc/x86_64-linux-gnu/11/../../../../lib32/Scrt1.o
 .rel.text.iface_router_expired
                0x0000000000001b50       0x28 /usr/lib/gcc/x86_64-linux-gnu/11/../../../../lib32/Scrt1.o
 .rel.text.z_impl_net_if_get_by_index
                0x0000000000001b78       0x10 /usr/lib/gcc/x86_64-linux-gnu/11/../../../../lib32/Scrt1.o
 .rel.text.net_if_config_ipv6_get
                0x0000000000001b88       0x20 /usr/lib/gcc/x86_64-linux-gnu/11/../../../../lib32/Scrt1.o
 .rel.text.net_if_start_rs
                0x0000000000001ba8       0x18 /usr/lib/gcc/x86_64-linux-gnu/11/../../../../lib32/Scrt1.o
 .rel.text.rs_timeout
                0x0000000000001bc0       0x38 /usr/lib/gcc/x86_64-linux-gnu/11/../../../../lib32/Scrt1.o
 .rel.text.net_if_stop_rs
                0x0000000000001bf8        0x8 /usr/lib/gcc/x86_64-linux-gnu/11/../../../../lib32/Scrt1.o
 .rel.text.net_if_ipv6_addr_lookup
                0x0000000000001c00       0x10 /usr/lib/gcc/x86_64-linux-gnu/11/../../../../lib32/Scrt1.o
 .rel.text.dad_timeout
                0x0000000000001c10       0x30 /usr/lib/gcc/x86_64-linux-gnu/11/../../../../lib32/Scrt1.o
 .rel.text.net_if_ipv6_addr_update_lifetime
                0x0000000000001c40       0x10 /usr/lib/gcc/x86_64-linux-gnu/11/../../../../lib32/Scrt1.o
 .rel.text.net_if_ipv6_addr_add
                0x0000000000001c50        0x8 /usr/lib/gcc/x86_64-linux-gnu/11/../../../../lib32/Scrt1.o
 .rel.text.net_if_start_dad
                0x0000000000001c58        0x8 /usr/lib/gcc/x86_64-linux-gnu/11/../../../../lib32/Scrt1.o
 .rel.text.net_if_ipv6_addr_rm
                0x0000000000001c60       0x20 /usr/lib/gcc/x86_64-linux-gnu/11/../../../../lib32/Scrt1.o
 .rel.text.net_if_ipv6_dad_failed
                0x0000000000001c80        0x8 /usr/lib/gcc/x86_64-linux-gnu/11/../../../../lib32/Scrt1.o
 .rel.text.prefix_lifetime_timeout
                0x0000000000001c88       0x18 /usr/lib/gcc/x86_64-linux-gnu/11/../../../../lib32/Scrt1.o
 .rel.text.net_if_ipv6_maddr_lookup
                0x0000000000001ca0       0x10 /usr/lib/gcc/x86_64-linux-gnu/11/../../../../lib32/Scrt1.o
 .rel.text.net_if_ipv6_maddr_add
                0x0000000000001cb0        0x8 /usr/lib/gcc/x86_64-linux-gnu/11/../../../../lib32/Scrt1.o
 .rel.text.net_if_mcast_monitor
                0x0000000000001cb8        0x8 /usr/lib/gcc/x86_64-linux-gnu/11/../../../../lib32/Scrt1.o
 .rel.text.net_if_ipv6_prefix_add
                0x0000000000001cc0        0x8 /usr/lib/gcc/x86_64-linux-gnu/11/../../../../lib32/Scrt1.o
 .rel.text.net_if_ipv6_addr_onlink
                0x0000000000001cc8       0x10 /usr/lib/gcc/x86_64-linux-gnu/11/../../../../lib32/Scrt1.o
 .rel.text.net_if_ipv6_prefix_set_timer
                0x0000000000001cd8       0x18 /usr/lib/gcc/x86_64-linux-gnu/11/../../../../lib32/Scrt1.o
 .rel.text.net_if_ipv6_prefix_unset_timer
                0x0000000000001cf0        0x8 /usr/lib/gcc/x86_64-linux-gnu/11/../../../../lib32/Scrt1.o
 .rel.text.net_if_ipv6_router_lookup
                0x0000000000001cf8       0x28 /usr/lib/gcc/x86_64-linux-gnu/11/../../../../lib32/Scrt1.o
 .rel.text.net_if_ipv6_router_find_default
                0x0000000000001d20       0x28 /usr/lib/gcc/x86_64-linux-gnu/11/../../../../lib32/Scrt1.o
 .rel.text.net_if_ipv6_router_add
                0x0000000000001d48       0x60 /usr/lib/gcc/x86_64-linux-gnu/11/../../../../lib32/Scrt1.o
 .rel.text.net_if_ipv6_router_rm
                0x0000000000001da8        0x8 /usr/lib/gcc/x86_64-linux-gnu/11/../../../../lib32/Scrt1.o
 .rel.text.net_if_ipv6_select_src_addr
                0x0000000000001db0       0x28 /usr/lib/gcc/x86_64-linux-gnu/11/../../../../lib32/Scrt1.o
 .rel.text.net_if_call_link_cb
                0x0000000000001dd8        0x8 /usr/lib/gcc/x86_64-linux-gnu/11/../../../../lib32/Scrt1.o
 .rel.text.net_if_tx.isra.0
                0x0000000000001de0       0x18 /usr/lib/gcc/x86_64-linux-gnu/11/../../../../lib32/Scrt1.o
 .rel.text.net_if_init
                0x0000000000001df8       0xd0 /usr/lib/gcc/x86_64-linux-gnu/11/../../../../lib32/Scrt1.o
 .rel.text.net_if_post_init
                0x0000000000001ec8       0x10 /usr/lib/gcc/x86_64-linux-gnu/11/../../../../lib32/Scrt1.o
 .rel.text.net_sprint_ll_addr_buf
                0x0000000000001ed8       0x10 /usr/lib/gcc/x86_64-linux-gnu/11/../../../../lib32/Scrt1.o
 .rel.text.net_ipv6_unspecified_address
                0x0000000000001ee8        0x8 /usr/lib/gcc/x86_64-linux-gnu/11/../../../../lib32/Scrt1.o
 .rel.text.net_context_init
                0x0000000000001ef0        0x8 /usr/lib/gcc/x86_64-linux-gnu/11/../../../../lib32/Scrt1.o
 .rel.text.net_pkt_get_reserve_rx_data
                0x0000000000001ef8        0x8 /usr/lib/gcc/x86_64-linux-gnu/11/../../../../lib32/Scrt1.o
 .rel.text.net_pkt_get_reserve_tx_data
                0x0000000000001f00        0x8 /usr/lib/gcc/x86_64-linux-gnu/11/../../../../lib32/Scrt1.o
 .rel.text.net_pkt_get_frag
                0x0000000000001f08        0x8 /usr/lib/gcc/x86_64-linux-gnu/11/../../../../lib32/Scrt1.o
 .rel.text.pkt_alloc
                0x0000000000001f10       0x18 /usr/lib/gcc/x86_64-linux-gnu/11/../../../../lib32/Scrt1.o
 .rel.text.net_pkt_alloc_buffer
                0x0000000000001f28       0x20 /usr/lib/gcc/x86_64-linux-gnu/11/../../../../lib32/Scrt1.o
 .rel.text.net_pkt_alloc_with_buffer
                0x0000000000001f48        0x8 /usr/lib/gcc/x86_64-linux-gnu/11/../../../../lib32/Scrt1.o
 .rel.text.net_pkt_rx_alloc_with_buffer
                0x0000000000001f50        0x8 /usr/lib/gcc/x86_64-linux-gnu/11/../../../../lib32/Scrt1.o
 .rel.text.net_pkt_read_be32
                0x0000000000001f58        0x8 /usr/lib/gcc/x86_64-linux-gnu/11/../../../../lib32/Scrt1.o
 .rel.text.net_tc_submit_to_rx_queue
                0x0000000000001f60        0x8 /usr/lib/gcc/x86_64-linux-gnu/11/../../../../lib32/Scrt1.o
 .rel.text.net_rx_priority2tc
                0x0000000000001f68        0x8 /usr/lib/gcc/x86_64-linux-gnu/11/../../../../lib32/Scrt1.o
 .rel.text.net_tc_rx_init
                0x0000000000001f70       0x28 /usr/lib/gcc/x86_64-linux-gnu/11/../../../../lib32/Scrt1.o
 .rel.text.net_icmpv6_register_handler
                0x0000000000001f98       0x20 /usr/lib/gcc/x86_64-linux-gnu/11/../../../../lib32/Scrt1.o
 .rel.text.net_icmpv6_finalize
                0x0000000000001fb8        0x8 /usr/lib/gcc/x86_64-linux-gnu/11/../../../../lib32/Scrt1.o
 .rel.text.net_icmpv6_create
                0x0000000000001fc0        0x8 /usr/lib/gcc/x86_64-linux-gnu/11/../../../../lib32/Scrt1.o
 .rel.text.net_icmpv6_send_error
                0x0000000000001fc8        0x8 /usr/lib/gcc/x86_64-linux-gnu/11/../../../../lib32/Scrt1.o
 .rel.text.net_icmpv6_input
                0x0000000000001fd0       0x10 /usr/lib/gcc/x86_64-linux-gnu/11/../../../../lib32/Scrt1.o
 .rel.text.net_icmpv6_init
                0x0000000000001fe0        0x8 /usr/lib/gcc/x86_64-linux-gnu/11/../../../../lib32/Scrt1.o
 .rel.text.net_nbr_link
                0x0000000000001fe8       0x40 /usr/lib/gcc/x86_64-linux-gnu/11/../../../../lib32/Scrt1.o
 .rel.text.net_nbr_unlink
                0x0000000000002028       0x18 /usr/lib/gcc/x86_64-linux-gnu/11/../../../../lib32/Scrt1.o
 .rel.text.net_nbr_get_lladdr
                0x0000000000002040        0x8 /usr/lib/gcc/x86_64-linux-gnu/11/../../../../lib32/Scrt1.o
 .rel.text.net_ipv6_create
                0x0000000000002048        0x8 /usr/lib/gcc/x86_64-linux-gnu/11/../../../../lib32/Scrt1.o
 .rel.text.net_ipv6_finalize
                0x0000000000002050        0x8 /usr/lib/gcc/x86_64-linux-gnu/11/../../../../lib32/Scrt1.o
 .rel.text.net_ipv6_input
                0x0000000000002058       0x10 /usr/lib/gcc/x86_64-linux-gnu/11/../../../../lib32/Scrt1.o
 .rel.text.ipv6_nd_restart_reachable_timer
                0x0000000000002068       0x10 /usr/lib/gcc/x86_64-linux-gnu/11/../../../../lib32/Scrt1.o
 .rel.text.ipv6_ns_reply_timeout
                0x0000000000002078       0x20 /usr/lib/gcc/x86_64-linux-gnu/11/../../../../lib32/Scrt1.o
 .rel.text.set_llao
                0x0000000000002098        0x8 /usr/lib/gcc/x86_64-linux-gnu/11/../../../../lib32/Scrt1.o
 .rel.text.dbg_update_neighbor_lladdr.constprop.0
                0x00000000000020a0       0x18 /usr/lib/gcc/x86_64-linux-gnu/11/../../../../lib32/Scrt1.o
 .rel.text.nbr_lookup.constprop.0
                0x00000000000020b8       0x18 /usr/lib/gcc/x86_64-linux-gnu/11/../../../../lib32/Scrt1.o
 .rel.text.ipv6_nbr_set_state
                0x00000000000020d0       0x40 /usr/lib/gcc/x86_64-linux-gnu/11/../../../../lib32/Scrt1.o
 .rel.text.nbr_new
                0x0000000000002110       0x10 /usr/lib/gcc/x86_64-linux-gnu/11/../../../../lib32/Scrt1.o
 .rel.text.add_nbr
                0x0000000000002120       0x30 /usr/lib/gcc/x86_64-linux-gnu/11/../../../../lib32/Scrt1.o
 .rel.text.net_ipv6_send_na
                0x0000000000002150        0x8 /usr/lib/gcc/x86_64-linux-gnu/11/../../../../lib32/Scrt1.o
 .rel.text.handle_na_input
                0x0000000000002158       0x10 /usr/lib/gcc/x86_64-linux-gnu/11/../../../../lib32/Scrt1.o
 .rel.text.net_ipv6_send_ns
                0x0000000000002168       0x18 /usr/lib/gcc/x86_64-linux-gnu/11/../../../../lib32/Scrt1.o
 .rel.text.net_ipv6_nbr_add
                0x0000000000002180        0x8 /usr/lib/gcc/x86_64-linux-gnu/11/../../../../lib32/Scrt1.o
 .rel.text.handle_ra_input
                0x0000000000002188        0x8 /usr/lib/gcc/x86_64-linux-gnu/11/../../../../lib32/Scrt1.o
 .rel.text.handle_ns_input
                0x0000000000002190        0x8 /usr/lib/gcc/x86_64-linux-gnu/11/../../../../lib32/Scrt1.o
 .rel.text.net_ipv6_prepare_for_send
                0x0000000000002198        0x8 /usr/lib/gcc/x86_64-linux-gnu/11/../../../../lib32/Scrt1.o
 .rel.text.ipv6_nd_reachable_timeout
                0x00000000000021a0       0x18 /usr/lib/gcc/x86_64-linux-gnu/11/../../../../lib32/Scrt1.o
 .rel.text.net_ipv6_send_rs
                0x00000000000021b8        0x8 /usr/lib/gcc/x86_64-linux-gnu/11/../../../../lib32/Scrt1.o
 .rel.text.net_ipv6_nbr_init
                0x00000000000021c0       0x40 /usr/lib/gcc/x86_64-linux-gnu/11/../../../../lib32/Scrt1.o
 .rel.text.net_pkt_write_be16
                0x0000000000002200        0x8 /usr/lib/gcc/x86_64-linux-gnu/11/../../../../lib32/Scrt1.o
 .rel.text.mld_create
                0x0000000000002208        0x8 /usr/lib/gcc/x86_64-linux-gnu/11/../../../../lib32/Scrt1.o
 .rel.text.mld_create_packet
                0x0000000000002210        0x8 /usr/lib/gcc/x86_64-linux-gnu/11/../../../../lib32/Scrt1.o
 .rel.text.handle_mld_query
                0x0000000000002218       0x10 /usr/lib/gcc/x86_64-linux-gnu/11/../../../../lib32/Scrt1.o
 .rel.text.net_ipv6_mld_init
                0x0000000000002228        0x8 /usr/lib/gcc/x86_64-linux-gnu/11/../../../../lib32/Scrt1.o
 .rel.text.sys_slist_find_and_remove.constprop.0.isra.0
                0x0000000000002230       0x28 /usr/lib/gcc/x86_64-linux-gnu/11/../../../../lib32/Scrt1.o
 .rel.text.net_route_get_nbr
                0x0000000000002258       0x10 /usr/lib/gcc/x86_64-linux-gnu/11/../../../../lib32/Scrt1.o
 .rel.text.net_route_lookup
                0x0000000000002268       0x30 /usr/lib/gcc/x86_64-linux-gnu/11/../../../../lib32/Scrt1.o
 .rel.text.net_route_del_by_nexthop
                0x0000000000002298        0x8 /usr/lib/gcc/x86_64-linux-gnu/11/../../../../lib32/Scrt1.o
 .rel.text.net_route_packet
                0x00000000000022a0        0x8 /usr/lib/gcc/x86_64-linux-gnu/11/../../../../lib32/Scrt1.o
 .rel.text.conn_addr_cmp
                0x00000000000022a8        0x8 /usr/lib/gcc/x86_64-linux-gnu/11/../../../../lib32/Scrt1.o
 .rel.text.net_conn_input
                0x00000000000022b0       0x10 /usr/lib/gcc/x86_64-linux-gnu/11/../../../../lib32/Scrt1.o
 .rel.text.net_conn_init
                0x00000000000022c0       0x40 /usr/lib/gcc/x86_64-linux-gnu/11/../../../../lib32/Scrt1.o
 .rel.text.net_tcp_finalize
                0x0000000000002300        0x8 /usr/lib/gcc/x86_64-linux-gnu/11/../../../../lib32/Scrt1.o
 .rel.text.net_tcp_init
                0x0000000000002308       0x20 /usr/lib/gcc/x86_64-linux-gnu/11/../../../../lib32/Scrt1.o
 .rel.text.net_udp_finalize
                0x0000000000002328        0x8 /usr/lib/gcc/x86_64-linux-gnu/11/../../../../lib32/Scrt1.o
 .rel.text.z_impl_sys_rand32_get
                0x0000000000002330       0x20 /usr/lib/gcc/x86_64-linux-gnu/11/../../../../lib32/Scrt1.o
 .rel.text.native_posix_console_init
                0x0000000000002350       0x28 /usr/lib/gcc/x86_64-linux-gnu/11/../../../../lib32/Scrt1.o
 .rel.text.eth_iface_init
                0x0000000000002378       0x10 /usr/lib/gcc/x86_64-linux-gnu/11/../../../../lib32/Scrt1.o
 .rel.text.eth_iface_create
                0x0000000000002388       0x40 /usr/lib/gcc/x86_64-linux-gnu/11/../../../../lib32/Scrt1.o
 .rel.text.eth_wait_data
                0x00000000000023c8       0x28 /usr/lib/gcc/x86_64-linux-gnu/11/../../../../lib32/Scrt1.o
 .rel.text.eth_read_data
                0x00000000000023f0        0x8 /usr/lib/gcc/x86_64-linux-gnu/11/../../../../lib32/Scrt1.o
 .rel.text.eth_write_data
                0x00000000000023f8        0x8 /usr/lib/gcc/x86_64-linux-gnu/11/../../../../lib32/Scrt1.o
 .rel.text.entropy_native_posix_get_entropy
                0x0000000000002400       0x10 /usr/lib/gcc/x86_64-linux-gnu/11/../../../../lib32/Scrt1.o
 .rel.text.entropy_native_posix_init
                0x0000000000002410       0x18 /usr/lib/gcc/x86_64-linux-gnu/11/../../../../lib32/Scrt1.o
 .rel.text.add_fake_entropy_option
                0x0000000000002428        0x8 /usr/lib/gcc/x86_64-linux-gnu/11/../../../../lib32/Scrt1.o
 .rel.text.np_timer_isr
                0x0000000000002430       0x30 /usr/lib/gcc/x86_64-linux-gnu/11/../../../../lib32/Scrt1.o
 .rel.text.sys_clock_driver_init
                0x0000000000002460       0x38 /usr/lib/gcc/x86_64-linux-gnu/11/../../../../lib32/Scrt1.o
 .rel.text.sys_clock_elapsed
                0x0000000000002498       0x20 /usr/lib/gcc/x86_64-linux-gnu/11/../../../../lib32/Scrt1.o
 .rel.text.z_sys_init_run_level
                0x00000000000024b8       0x10 /usr/lib/gcc/x86_64-linux-gnu/11/../../../../lib32/Scrt1.o
 .rel.text.z_impl_device_get_binding
                0x00000000000024c8       0x28 /usr/lib/gcc/x86_64-linux-gnu/11/../../../../lib32/Scrt1.o
 .rel.text.init_idle_thread
                0x00000000000024f0       0x20 /usr/lib/gcc/x86_64-linux-gnu/11/../../../../lib32/Scrt1.o
 .rel.text.bg_thread_main
                0x0000000000002510       0x10 /usr/lib/gcc/x86_64-linux-gnu/11/../../../../lib32/Scrt1.o
 .rel.text.z_cstart
                0x0000000000002520       0x90 /usr/lib/gcc/x86_64-linux-gnu/11/../../../../lib32/Scrt1.o
 .rel.text.statics_init
                0x00000000000025b0       0x10 /usr/lib/gcc/x86_64-linux-gnu/11/../../../../lib32/Scrt1.o
 .rel.text.init_mem_slab_module
                0x00000000000025c0       0x18 /usr/lib/gcc/x86_64-linux-gnu/11/../../../../lib32/Scrt1.o
 .rel.text.k_mem_slab_alloc
                0x00000000000025d8        0x8 /usr/lib/gcc/x86_64-linux-gnu/11/../../../../lib32/Scrt1.o
 .rel.text.k_is_in_isr
                0x00000000000025e0        0x8 /usr/lib/gcc/x86_64-linux-gnu/11/../../../../lib32/Scrt1.o
 .rel.text.z_setup_new_thread
                0x00000000000025e8        0x8 /usr/lib/gcc/x86_64-linux-gnu/11/../../../../lib32/Scrt1.o
 .rel.text.z_impl_k_thread_create
                0x00000000000025f0        0x8 /usr/lib/gcc/x86_64-linux-gnu/11/../../../../lib32/Scrt1.o
 .rel.text.z_init_static_threads
                0x00000000000025f8       0x28 /usr/lib/gcc/x86_64-linux-gnu/11/../../../../lib32/Scrt1.o
 .rel.text.z_impl_k_mutex_lock
                0x0000000000002620       0x18 /usr/lib/gcc/x86_64-linux-gnu/11/../../../../lib32/Scrt1.o
 .rel.text.z_impl_k_mutex_unlock
                0x0000000000002638       0x10 /usr/lib/gcc/x86_64-linux-gnu/11/../../../../lib32/Scrt1.o
 .rel.text.z_impl_k_queue_get
                0x0000000000002648        0x8 /usr/lib/gcc/x86_64-linux-gnu/11/../../../../lib32/Scrt1.o
 .rel.text.z_impl_k_sem_give
                0x0000000000002650        0x8 /usr/lib/gcc/x86_64-linux-gnu/11/../../../../lib32/Scrt1.o
 .rel.text.z_impl_k_sem_take
                0x0000000000002658        0x8 /usr/lib/gcc/x86_64-linux-gnu/11/../../../../lib32/Scrt1.o
 .rel.text.work_queue_main
                0x0000000000002660       0x30 /usr/lib/gcc/x86_64-linux-gnu/11/../../../../lib32/Scrt1.o
 .rel.text.submit_to_queue_locked
                0x0000000000002690        0x8 /usr/lib/gcc/x86_64-linux-gnu/11/../../../../lib32/Scrt1.o
 .rel.text.work_timeout
                0x0000000000002698        0x8 /usr/lib/gcc/x86_64-linux-gnu/11/../../../../lib32/Scrt1.o
 .rel.text.k_work_queue_start
                0x00000000000026a0        0x8 /usr/lib/gcc/x86_64-linux-gnu/11/../../../../lib32/Scrt1.o
 .rel.text.k_work_reschedule_for_queue
                0x00000000000026a8        0x8 /usr/lib/gcc/x86_64-linux-gnu/11/../../../../lib32/Scrt1.o
 .rel.text.k_work_reschedule
                0x00000000000026b0        0x8 /usr/lib/gcc/x86_64-linux-gnu/11/../../../../lib32/Scrt1.o
 .rel.text.z_reset_time_slice
                0x00000000000026b8       0x18 /usr/lib/gcc/x86_64-linux-gnu/11/../../../../lib32/Scrt1.o
 .rel.text.k_sched_time_slice_set
                0x00000000000026d0       0x18 /usr/lib/gcc/x86_64-linux-gnu/11/../../../../lib32/Scrt1.o
 .rel.text.z_reschedule
                0x00000000000026e8       0x18 /usr/lib/gcc/x86_64-linux-gnu/11/../../../../lib32/Scrt1.o
 .rel.text.z_reschedule_irqlock
                0x0000000000002700        0x8 /usr/lib/gcc/x86_64-linux-gnu/11/../../../../lib32/Scrt1.o
 .rel.text.k_sched_lock
                0x0000000000002708        0x8 /usr/lib/gcc/x86_64-linux-gnu/11/../../../../lib32/Scrt1.o
 .rel.text.update_cache
                0x0000000000002710       0x20 /usr/lib/gcc/x86_64-linux-gnu/11/../../../../lib32/Scrt1.o
 .rel.text.move_thread_to_end_of_prio_q
                0x0000000000002730       0x30 /usr/lib/gcc/x86_64-linux-gnu/11/../../../../lib32/Scrt1.o
 .rel.text.z_time_slice
                0x0000000000002760       0x38 /usr/lib/gcc/x86_64-linux-gnu/11/../../../../lib32/Scrt1.o
 .rel.text.ready_thread
                0x0000000000002798       0x28 /usr/lib/gcc/x86_64-linux-gnu/11/../../../../lib32/Scrt1.o
 .rel.text.z_sched_start
                0x00000000000027c0        0x8 /usr/lib/gcc/x86_64-linux-gnu/11/../../../../lib32/Scrt1.o
 .rel.text.unready_thread
                0x00000000000027c8        0x8 /usr/lib/gcc/x86_64-linux-gnu/11/../../../../lib32/Scrt1.o
 .rel.text.pend
                0x00000000000027d0        0x8 /usr/lib/gcc/x86_64-linux-gnu/11/../../../../lib32/Scrt1.o
 .rel.text.z_pend_curr
                0x00000000000027d8        0x8 /usr/lib/gcc/x86_64-linux-gnu/11/../../../../lib32/Scrt1.o
 .rel.text.z_set_prio
                0x00000000000027e0       0x28 /usr/lib/gcc/x86_64-linux-gnu/11/../../../../lib32/Scrt1.o
 .rel.text.z_impl_k_thread_suspend
                0x0000000000002808       0x10 /usr/lib/gcc/x86_64-linux-gnu/11/../../../../lib32/Scrt1.o
 .rel.text.k_sched_unlock
                0x0000000000002818        0x8 /usr/lib/gcc/x86_64-linux-gnu/11/../../../../lib32/Scrt1.o
 .rel.text.z_sched_init
                0x0000000000002820       0x20 /usr/lib/gcc/x86_64-linux-gnu/11/../../../../lib32/Scrt1.o
 .rel.text.z_impl_k_yield
                0x0000000000002840       0x30 /usr/lib/gcc/x86_64-linux-gnu/11/../../../../lib32/Scrt1.o
 .rel.text.z_tick_sleep
                0x0000000000002870       0x20 /usr/lib/gcc/x86_64-linux-gnu/11/../../../../lib32/Scrt1.o
 .rel.text.z_impl_k_sleep
                0x0000000000002890        0x8 /usr/lib/gcc/x86_64-linux-gnu/11/../../../../lib32/Scrt1.o
 .rel.text.z_impl_z_current_get
                0x0000000000002898        0x8 /usr/lib/gcc/x86_64-linux-gnu/11/../../../../lib32/Scrt1.o
 .rel.text.z_impl_k_is_preempt_thread
                0x00000000000028a0       0x10 /usr/lib/gcc/x86_64-linux-gnu/11/../../../../lib32/Scrt1.o
 .rel.text.z_thread_abort
                0x00000000000028b0       0x10 /usr/lib/gcc/x86_64-linux-gnu/11/../../../../lib32/Scrt1.o
 .rel.text.z_impl_k_thread_join
                0x00000000000028c0       0x18 /usr/lib/gcc/x86_64-linux-gnu/11/../../../../lib32/Scrt1.o
 .rel.text.z_sched_wait
                0x00000000000028d8        0x8 /usr/lib/gcc/x86_64-linux-gnu/11/../../../../lib32/Scrt1.o
 .rel.text.elapsed
                0x00000000000028e0        0x8 /usr/lib/gcc/x86_64-linux-gnu/11/../../../../lib32/Scrt1.o
 .rel.text.next_timeout
                0x00000000000028e8       0x18 /usr/lib/gcc/x86_64-linux-gnu/11/../../../../lib32/Scrt1.o
 .rel.text.remove_timeout
                0x0000000000002900        0x8 /usr/lib/gcc/x86_64-linux-gnu/11/../../../../lib32/Scrt1.o
 .rel.text.timeout_rem
                0x0000000000002908       0x18 /usr/lib/gcc/x86_64-linux-gnu/11/../../../../lib32/Scrt1.o
 .rel.text.z_add_timeout
                0x0000000000002920       0x50 /usr/lib/gcc/x86_64-linux-gnu/11/../../../../lib32/Scrt1.o
 .rel.text.sys_clock_announce
                0x0000000000002970       0x60 /usr/lib/gcc/x86_64-linux-gnu/11/../../../../lib32/Scrt1.o
 .rel.text.sys_clock_tick_get
                0x00000000000029d0       0x10 /usr/lib/gcc/x86_64-linux-gnu/11/../../../../lib32/Scrt1.o
 .rel.text.z_thread_aligned_alloc
                0x00000000000029e0        0x8 /usr/lib/gcc/x86_64-linux-gnu/11/../../../../lib32/Scrt1.o
 .rel.text.boot_banner
                0x00000000000029e8       0x18 /usr/lib/gcc/x86_64-linux-gnu/11/../../../../lib32/Scrt1.o
 .rel.text.k_sys_work_q_init
                0x0000000000002a00       0x20 /usr/lib/gcc/x86_64-linux-gnu/11/../../../../lib32/Scrt1.o
 *(SORT_BY_ALIGNMENT(.rel.fini))
 *(SORT_BY_ALIGNMENT(.rel.rodata) SORT_BY_ALIGNMENT(.rel.rodata.*) SORT_BY_ALIGNMENT(.rel.gnu.linkonce.r.*))
 .rel.rodata.cbvprintf
                0x0000000000002a20      0x180 /usr/lib/gcc/x86_64-linux-gnu/11/../../../../lib32/Scrt1.o
 .rel.rodata.native_pre_tasks.0
                0x0000000000002ba0       0x30 /usr/lib/gcc/x86_64-linux-gnu/11/../../../../lib32/Scrt1.o
 .rel.rodata.net_buf_fixed_cb
                0x0000000000002bd0       0x10 /usr/lib/gcc/x86_64-linux-gnu/11/../../../../lib32/Scrt1.o
 .rel.rodata.net_buf_fixed_alloc_tx_bufs
                0x0000000000002be0       0x10 /usr/lib/gcc/x86_64-linux-gnu/11/../../../../lib32/Scrt1.o
 .rel.rodata.net_buf_fixed_tx_bufs
                0x0000000000002bf0        0x8 /usr/lib/gcc/x86_64-linux-gnu/11/../../../../lib32/Scrt1.o
 .rel.rodata.net_buf_fixed_alloc_rx_bufs
                0x0000000000002bf8       0x10 /usr/lib/gcc/x86_64-linux-gnu/11/../../../../lib32/Scrt1.o
 .rel.rodata.net_buf_fixed_rx_bufs
                0x0000000000002c08        0x8 /usr/lib/gcc/x86_64-linux-gnu/11/../../../../lib32/Scrt1.o
 .rel.rodata.ipv6_nd_reachable_timeout
                0x0000000000002c10       0x28 /usr/lib/gcc/x86_64-linux-gnu/11/../../../../lib32/Scrt1.o
 .rel.rodata.eth_if_api
                0x0000000000002c38       0x30 /usr/lib/gcc/x86_64-linux-gnu/11/../../../../lib32/Scrt1.o
 .rel.rodata.entropy_native_posix_api_funcs
                0x0000000000002c68       0x10 /usr/lib/gcc/x86_64-linux-gnu/11/../../../../lib32/Scrt1.o
 .rel.rodata.levels.0
                0x0000000000002c78       0x28 /usr/lib/gcc/x86_64-linux-gnu/11/../../../../lib32/Scrt1.o
 *(SORT_BY_ALIGNMENT(.rel.data.rel.ro) SORT_BY_ALIGNMENT(.rel.data.rel.ro.*) SORT_BY_ALIGNMENT(.rel.gnu.linkonce.d.rel.ro.*))
 .rel.data.rel.ro
                0x0000000000002ca0        0x0 /usr/lib/gcc/x86_64-linux-gnu/11/../../../../lib32/Scrt1.o
 *(SORT_BY_ALIGNMENT(.rel.data) SORT_BY_ALIGNMENT(.rel.data.*) SORT_BY_ALIGNMENT(.rel.gnu.linkonce.d.*))
 .rel.data.rel.local
                0x0000000000002ca0        0x8 /usr/lib/gcc/x86_64-linux-gnu/11/../../../../lib32/Scrt1.o
 .rel.data._char_out
                0x0000000000002ca8        0x8 /usr/lib/gcc/x86_64-linux-gnu/11/../../../../lib32/Scrt1.o
 .rel.data.timer_options.0
                0x0000000000002cb0      0x100 /usr/lib/gcc/x86_64-linux-gnu/11/../../../../lib32/Scrt1.o
 .rel.data.trace_options.0
                0x0000000000002db0       0x60 /usr/lib/gcc/x86_64-linux-gnu/11/../../../../lib32/Scrt1.o
 .rel.data.testargs_options.0
                0x0000000000002e10       0x18 /usr/lib/gcc/x86_64-linux-gnu/11/../../../../lib32/Scrt1.o
 .rel.data.echo_request_handler
                0x0000000000002e28        0x8 /usr/lib/gcc/x86_64-linux-gnu/11/../../../../lib32/Scrt1.o
 .rel.data.ra_input_handler
                0x0000000000002e30        0x8 /usr/lib/gcc/x86_64-linux-gnu/11/../../../../lib32/Scrt1.o
 .rel.data.na_input_handler
                0x0000000000002e38        0x8 /usr/lib/gcc/x86_64-linux-gnu/11/../../../../lib32/Scrt1.o
 .rel.data.ns_input_handler
                0x0000000000002e40        0x8 /usr/lib/gcc/x86_64-linux-gnu/11/../../../../lib32/Scrt1.o
 .rel.data.net_neighbor
                0x0000000000002e48       0x10 /usr/lib/gcc/x86_64-linux-gnu/11/../../../../lib32/Scrt1.o
 .rel.data.net_neighbor_pool
                0x0000000000002e58       0x40 /usr/lib/gcc/x86_64-linux-gnu/11/../../../../lib32/Scrt1.o
 .rel.data.mld_query_input_handler
                0x0000000000002e98        0x8 /usr/lib/gcc/x86_64-linux-gnu/11/../../../../lib32/Scrt1.o
 .rel.data.net_route_entries_pool
                0x0000000000002ea0       0x40 /usr/lib/gcc/x86_64-linux-gnu/11/../../../../lib32/Scrt1.o
 .rel.data.eth_context_data_0
                0x0000000000002ee0       0x18 /usr/lib/gcc/x86_64-linux-gnu/11/../../../../lib32/Scrt1.o
 .rel.data.entropy_options.0
                0x0000000000002ef8       0x20 /usr/lib/gcc/x86_64-linux-gnu/11/../../../../lib32/Scrt1.o
 .rel.data.timeout_list
                0x0000000000002f18       0x10 /usr/lib/gcc/x86_64-linux-gnu/11/../../../../lib32/Scrt1.o
 *(SORT_BY_ALIGNMENT(.rel.tdata) SORT_BY_ALIGNMENT(.rel.tdata.*) SORT_BY_ALIGNMENT(.rel.gnu.linkonce.td.*))
 *(SORT_BY_ALIGNMENT(.rel.tbss) SORT_BY_ALIGNMENT(.rel.tbss.*) SORT_BY_ALIGNMENT(.rel.gnu.linkonce.tb.*))
 *(SORT_BY_ALIGNMENT(.rel.ctors))
 *(SORT_BY_ALIGNMENT(.rel.dtors))
 *(SORT_BY_ALIGNMENT(.rel.got))
 .rel.got       0x0000000000002f28       0x28 /usr/lib/gcc/x86_64-linux-gnu/11/../../../../lib32/Scrt1.o
 *(SORT_BY_ALIGNMENT(.rel.bss) SORT_BY_ALIGNMENT(.rel.bss.*) SORT_BY_ALIGNMENT(.rel.gnu.linkonce.b.*))
 .rel.bss       0x0000000000002f50       0x10 /usr/lib/gcc/x86_64-linux-gnu/11/../../../../lib32/Scrt1.o
 *(SORT_BY_ALIGNMENT(.rel.ifunc))
 .rel.ifunc     0x0000000000002f60        0x0 /usr/lib/gcc/x86_64-linux-gnu/11/../../../../lib32/Scrt1.o
 .rel.fini_array
                0x0000000000002f60        0x8 /usr/lib/gcc/x86_64-linux-gnu/11/../../../../lib32/Scrt1.o
 .rel.init_array
                0x0000000000002f68        0x8 /usr/lib/gcc/x86_64-linux-gnu/11/../../../../lib32/Scrt1.o
 .rel.native_PRE_BOOT_11_task
                0x0000000000002f70        0x8 /usr/lib/gcc/x86_64-linux-gnu/11/../../../../lib32/Scrt1.o
 .rel.native_PRE_BOOT_20_task
                0x0000000000002f78        0x8 /usr/lib/gcc/x86_64-linux-gnu/11/../../../../lib32/Scrt1.o
 .rel._net_l2.static._net_l2_ETHERNET
                0x0000000000002f80       0x20 /usr/lib/gcc/x86_64-linux-gnu/11/../../../../lib32/Scrt1.o
 .rel.z_init_POST_KERNEL90_
                0x0000000000002fa0        0x8 /usr/lib/gcc/x86_64-linux-gnu/11/../../../../lib32/Scrt1.o
 .rel._k_mutex.static.lock
                0x0000000000002fa8       0x10 /usr/lib/gcc/x86_64-linux-gnu/11/../../../../lib32/Scrt1.o
 .rel._net_buf_pool.static.tx_bufs
                0x0000000000002fb8       0x30 /usr/lib/gcc/x86_64-linux-gnu/11/../../../../lib32/Scrt1.o
 .rel._net_buf_pool.static.rx_bufs
                0x0000000000002fe8       0x30 /usr/lib/gcc/x86_64-linux-gnu/11/../../../../lib32/Scrt1.o
 .rel._k_mem_slab.static.tx_pkts
                0x0000000000003018       0x18 /usr/lib/gcc/x86_64-linux-gnu/11/../../../../lib32/Scrt1.o
 .rel._k_mem_slab.static.rx_pkts
                0x0000000000003030       0x18 /usr/lib/gcc/x86_64-linux-gnu/11/../../../../lib32/Scrt1.o
 .rel.z_init_PRE_KERNEL_199_
                0x0000000000003048        0x8 /usr/lib/gcc/x86_64-linux-gnu/11/../../../../lib32/Scrt1.o
 .rel._net_if.static.eth_native_posix_0
                0x0000000000003050        0x8 /usr/lib/gcc/x86_64-linux-gnu/11/../../../../lib32/Scrt1.o
 .rel._net_if_dev.static.__net_if_dev_eth_native_posix_0_0
                0x0000000000003058       0x18 /usr/lib/gcc/x86_64-linux-gnu/11/../../../../lib32/Scrt1.o
 .rel.z_init_POST_KERNEL40_
                0x0000000000003070       0x18 /usr/lib/gcc/x86_64-linux-gnu/11/../../../../lib32/Scrt1.o
 .rel.z_device_POST_KERNEL40_
                0x0000000000003088       0x28 /usr/lib/gcc/x86_64-linux-gnu/11/../../../../lib32/Scrt1.o
 .rel.native_PRE_BOOT_110_task
                0x00000000000030b0        0x8 /usr/lib/gcc/x86_64-linux-gnu/11/../../../../lib32/Scrt1.o
 .rel.z_init_PRE_KERNEL_150_
                0x00000000000030b8       0x10 /usr/lib/gcc/x86_64-linux-gnu/11/../../../../lib32/Scrt1.o
 .rel.z_device_PRE_KERNEL_150_
                0x00000000000030c8       0x20 /usr/lib/gcc/x86_64-linux-gnu/11/../../../../lib32/Scrt1.o
 .rel.z_init_PRE_KERNEL_20_
                0x00000000000030e8       0x10 /usr/lib/gcc/x86_64-linux-gnu/11/../../../../lib32/Scrt1.o
 .rel.z_device_PRE_KERNEL_20_
                0x00000000000030f8       0x18 /usr/lib/gcc/x86_64-linux-gnu/11/../../../../lib32/Scrt1.o
 .rel.z_init_POST_KERNEL0_
                0x0000000000003110        0x8 /usr/lib/gcc/x86_64-linux-gnu/11/../../../../lib32/Scrt1.o
 .rel.z_init_PRE_KERNEL_130_
                0x0000000000003118       0x10 /usr/lib/gcc/x86_64-linux-gnu/11/../../../../lib32/Scrt1.o

.rel.plt        0x0000000000003128      0x1a8
 *(SORT_BY_ALIGNMENT(.rel.plt))
 .rel.plt       0x0000000000003128      0x1a8 /usr/lib/gcc/x86_64-linux-gnu/11/../../../../lib32/Scrt1.o
 *(SORT_BY_ALIGNMENT(.rel.iplt))

.relr.dyn
 *(SORT_BY_ALIGNMENT(.relr.dyn))
                0x0000000000004000                . = ALIGN (CONSTANT (MAXPAGESIZE))

.init           0x0000000000004000       0x24
 *(SORT_NONE(.init))
 .init          0x0000000000004000       0x1f /usr/lib/gcc/x86_64-linux-gnu/11/../../../../lib32/crti.o
                0x0000000000004000                _init
 .init          0x000000000000401f        0x5 /usr/lib/gcc/x86_64-linux-gnu/11/../../../../lib32/crtn.o

.plt            0x0000000000004030      0x360
 *(SORT_BY_ALIGNMENT(.plt))
 .plt           0x0000000000004030      0x360 /usr/lib/gcc/x86_64-linux-gnu/11/../../../../lib32/Scrt1.o
 *(SORT_BY_ALIGNMENT(.iplt))

.plt.got        0x0000000000004390        0x8
 *(SORT_BY_ALIGNMENT(.plt.got))
 .plt.got       0x0000000000004390        0x8 /usr/lib/gcc/x86_64-linux-gnu/11/../../../../lib32/Scrt1.o

.plt.sec
 *(SORT_BY_ALIGNMENT(.plt.sec))

.text           0x00000000000043a0     0xd1dc
 *(SORT_BY_ALIGNMENT(.text.unlikely) SORT_BY_ALIGNMENT(.text.*_unlikely) SORT_BY_ALIGNMENT(.text.unlikely.*))
 *(SORT_BY_ALIGNMENT(.text.exit) SORT_BY_ALIGNMENT(.text.exit.*))
 *(SORT_BY_ALIGNMENT(.text.startup) SORT_BY_ALIGNMENT(.text.startup.*))
 *(SORT_BY_ALIGNMENT(.text.hot) SORT_BY_ALIGNMENT(.text.hot.*))
 *(SORT_BY_NAME(SORT_BY_ALIGNMENT(.text.sorted.*)))
 *(SORT_BY_ALIGNMENT(.text) SORT_BY_ALIGNMENT(.stub) SORT_BY_ALIGNMENT(.text.*) SORT_BY_ALIGNMENT(.gnu.linkonce.t.*))
 .text          0x00000000000043a0       0x30 /usr/lib/gcc/x86_64-linux-gnu/11/../../../../lib32/Scrt1.o
                0x00000000000043a0                _start
 .text.__x86.get_pc_thunk.bx
                0x00000000000043d0        0x4 /usr/lib/gcc/x86_64-linux-gnu/11/../../../../lib32/crti.o
                0x00000000000043d0                __x86.get_pc_thunk.bx
 *fill*         0x00000000000043d4        0xc 
 .text          0x00000000000043e0       0xe9 /usr/lib/gcc/x86_64-linux-gnu/11/32/crtbeginS.o
 *fill*         0x00000000000044c9        0x7 
 .text          0x00000000000044d0      0x112 /usr/lib/gcc/x86_64-linux-gnu/11/32/libgcc.a(_udivdi3.o)
                0x00000000000044d0                __udivdi3
 *fill*         0x00000000000045e2        0xe 
 .text          0x00000000000045f0      0x1e7 /usr/lib/gcc/x86_64-linux-gnu/11/32/libgcc.a(_udivmoddi4.o)
                0x00000000000045f0                __udivmoddi4
 .text.__x86.get_pc_thunk.dx
                0x00000000000047d7        0x4 /usr/lib/gcc/x86_64-linux-gnu/11/32/crtbeginS.o
                0x00000000000047d7                __x86.get_pc_thunk.dx
 .text._OffsetAbsSyms
                0x00000000000047db        0x1 zephyr/CMakeFiles/offsets.dir/./arch/posix/core/offsets/offsets.c.obj
                0x00000000000047db                _OffsetAbsSyms
 .text.thread1_function
                0x00000000000047dc       0x10 app/libapp.a(Zephyr_Thread_Creation.c.obj)
                0x00000000000047dc                thread1_function
 .text.thread2_function
                0x00000000000047ec       0x10 app/libapp.a(Zephyr_Thread_Creation.c.obj)
                0x00000000000047ec                thread2_function
 .text.zephyr_app_main
                0x00000000000047fc       0x8b app/libapp.a(Zephyr_Thread_Creation.c.obj)
                0x00000000000047fc                zephyr_app_main
 .text.arch_printk_char_out
                0x0000000000004887        0x3 zephyr/libzephyr.a(printk.c.obj)
                0x0000000000004887                arch_printk_char_out
 .text.char_out
                0x000000000000488a        0xf zephyr/libzephyr.a(printk.c.obj)
 .text.str_out  0x0000000000004899       0x3b zephyr/libzephyr.a(printk.c.obj)
 .text.__printk_hook_install
                0x00000000000048d4        0xd zephyr/libzephyr.a(printk.c.obj)
                0x00000000000048d4                __printk_hook_install
 .text.vprintk  0x00000000000048e1       0x42 zephyr/libzephyr.a(printk.c.obj)
                0x00000000000048e1                vprintk
 .text.printk   0x0000000000004923       0x17 zephyr/libzephyr.a(printk.c.obj)
                0x0000000000004923                printk
 .text.vsnprintk
                0x000000000000493a       0x5e zephyr/libzephyr.a(printk.c.obj)
                0x000000000000493a                vsnprintk
 .text.snprintk
                0x0000000000004998       0x1d zephyr/libzephyr.a(printk.c.obj)
                0x0000000000004998                snprintk
 .text.z_thread_entry
                0x00000000000049b5       0x3a zephyr/libzephyr.a(thread_entry.c.obj)
                0x00000000000049b5                z_thread_entry
 .text.chunk_field
                0x00000000000049ef       0x15 zephyr/libzephyr.a(heap.c.obj)
 .text.chunk_set
                0x0000000000004a04       0x1f zephyr/libzephyr.a(heap.c.obj)
 .text.chunk_size
                0x0000000000004a23       0x14 zephyr/libzephyr.a(heap.c.obj)
 .text.set_chunk_used
                0x0000000000004a37       0x3d zephyr/libzephyr.a(heap.c.obj)
 .text.set_chunk_size
                0x0000000000004a74       0x18 zephyr/libzephyr.a(heap.c.obj)
 .text.bucket_idx.isra.0
                0x0000000000004a8c       0x21 zephyr/libzephyr.a(heap.c.obj)
 .text.free_list_remove_bidx
                0x0000000000004aad       0x81 zephyr/libzephyr.a(heap.c.obj)
 .text.free_list_remove
                0x0000000000004b2e       0x45 zephyr/libzephyr.a(heap.c.obj)
 .text.alloc_chunk
                0x0000000000004b73       0x8c zephyr/libzephyr.a(heap.c.obj)
 .text.split_chunks
                0x0000000000004bff       0x72 zephyr/libzephyr.a(heap.c.obj)
 .text.merge_chunks
                0x0000000000004c71       0x55 zephyr/libzephyr.a(heap.c.obj)
 .text.free_list_add
                0x0000000000004cc6       0xb8 zephyr/libzephyr.a(heap.c.obj)
 .text.free_chunk
                0x0000000000004d7e       0xa6 zephyr/libzephyr.a(heap.c.obj)
 .text.sys_heap_free
                0x0000000000004e24       0x43 zephyr/libzephyr.a(heap.c.obj)
                0x0000000000004e24                sys_heap_free
 .text.sys_heap_alloc
                0x0000000000004e67       0x91 zephyr/libzephyr.a(heap.c.obj)
                0x0000000000004e67                sys_heap_alloc
 .text.sys_heap_aligned_alloc
                0x0000000000004ef8      0x12f zephyr/libzephyr.a(heap.c.obj)
                0x0000000000004ef8                sys_heap_aligned_alloc
 .text.sys_heap_init
                0x0000000000005027       0xe9 zephyr/libzephyr.a(heap.c.obj)
                0x0000000000005027                sys_heap_init
 .text.outs     0x0000000000005110       0x4b zephyr/libzephyr.a(cbprintf_complete.c.obj)
 .text.extract_decimal
                0x000000000000515b       0x37 zephyr/libzephyr.a(cbprintf_complete.c.obj)
 .text.encode_uint
                0x0000000000005192       0xdb zephyr/libzephyr.a(cbprintf_complete.c.obj)
 .text.cbvprintf
                0x000000000000526d      0x7f2 zephyr/libzephyr.a(cbprintf_complete.c.obj)
                0x000000000000526d                cbvprintf
 .text._ConfigAbsSyms
                0x0000000000005a5f        0x1 zephyr/libzephyr.a(configs.c.obj)
                0x0000000000005a5f                _ConfigAbsSyms
 .text.sys_trace_isr_enter
                0x0000000000005a60        0x1 zephyr/libzephyr.a(tracing_none.c.obj)
                0x0000000000005a60                sys_trace_isr_enter
 .text.sys_trace_isr_exit
                0x0000000000005a61        0x1 zephyr/libzephyr.a(tracing_none.c.obj)
                0x0000000000005a61                sys_trace_isr_exit
 .text.sys_trace_idle
                0x0000000000005a62        0x1 zephyr/libzephyr.a(tracing_none.c.obj)
                0x0000000000005a62                sys_trace_idle
 .text.arch_cpu_idle
                0x0000000000005a63       0x16 zephyr/arch/arch/posix/core/libarch__posix__core.a(cpuhalt.c.obj)
                0x0000000000005a63                arch_cpu_idle
 .text.arch_irq_enable
                0x0000000000005a79        0x5 zephyr/arch/arch/posix/core/libarch__posix__core.a(irq.c.obj)
                0x0000000000005a79                arch_irq_enable
 .text.pc_safe_call
                0x0000000000005a7e       0x1b zephyr/arch/arch/posix/core/libarch__posix__core.a(posix_core.c.obj)
 .text.posix_preexit_cleanup
                0x0000000000005a99       0x30 zephyr/arch/arch/posix/core/libarch__posix__core.a(posix_core.c.obj)
 .text.abort_tail
                0x0000000000005ac9       0x28 zephyr/arch/arch/posix/core/libarch__posix__core.a(posix_core.c.obj)
 .text.posix_wait_until_allowed
                0x0000000000005af1       0x57 zephyr/arch/arch/posix/core/libarch__posix__core.a(posix_core.c.obj)
 .text.posix_cleanup_handler
                0x0000000000005b48       0x35 zephyr/arch/arch/posix/core/libarch__posix__core.a(posix_core.c.obj)
 .text.posix_thread_starter
                0x0000000000005b7d       0xaa zephyr/arch/arch/posix/core/libarch__posix__core.a(posix_core.c.obj)
 .text.posix_swap
                0x0000000000005c27       0x47 zephyr/arch/arch/posix/core/libarch__posix__core.a(posix_core.c.obj)
                0x0000000000005c27                posix_swap
 .text.posix_main_thread_start
                0x0000000000005c6e       0x34 zephyr/arch/arch/posix/core/libarch__posix__core.a(posix_core.c.obj)
                0x0000000000005c6e                posix_main_thread_start
 .text.posix_new_thread
                0x0000000000005ca2       0xc9 zephyr/arch/arch/posix/core/libarch__posix__core.a(posix_core.c.obj)
                0x0000000000005ca2                posix_new_thread
 .text.posix_init_multithreading
                0x0000000000005d6b       0x64 zephyr/arch/arch/posix/core/libarch__posix__core.a(posix_core.c.obj)
                0x0000000000005d6b                posix_init_multithreading
 .text.posix_core_clean_up
                0x0000000000005dcf       0x6f zephyr/arch/arch/posix/core/libarch__posix__core.a(posix_core.c.obj)
                0x0000000000005dcf                posix_core_clean_up
 .text.posix_abort_thread
                0x0000000000005e3e       0x1a zephyr/arch/arch/posix/core/libarch__posix__core.a(posix_core.c.obj)
                0x0000000000005e3e                posix_abort_thread
 .text.z_impl_k_thread_abort
                0x0000000000005e58       0x87 zephyr/arch/arch/posix/core/libarch__posix__core.a(posix_core.c.obj)
                0x0000000000005e58                z_impl_k_thread_abort
 .text.arch_swap
                0x0000000000005edf       0x50 zephyr/arch/arch/posix/core/libarch__posix__core.a(swap.c.obj)
                0x0000000000005edf                arch_swap
 .text.arch_switch_to_main_thread
                0x0000000000005f2f       0x1c zephyr/arch/arch/posix/core/libarch__posix__core.a(swap.c.obj)
                0x0000000000005f2f                arch_switch_to_main_thread
 .text.arch_new_thread
                0x0000000000005f4b       0x37 zephyr/arch/arch/posix/core/libarch__posix__core.a(thread.c.obj)
                0x0000000000005f4b                arch_new_thread
 .text.posix_new_thread_pre_start
                0x0000000000005f82        0x5 zephyr/arch/arch/posix/core/libarch__posix__core.a(thread.c.obj)
                0x0000000000005f82                posix_new_thread_pre_start
 .text.pc_safe_call
                0x0000000000005f87       0x1b zephyr/soc/posix/inf_clock/libsoc__posix__inf_clock.a(soc.c.obj)
 .text.zephyr_wrapper
                0x0000000000005fa2       0x41 zephyr/soc/posix/inf_clock/libsoc__posix__inf_clock.a(soc.c.obj)
 .text.posix_is_cpu_running
                0x0000000000005fe3        0xc zephyr/soc/posix/inf_clock/libsoc__posix__inf_clock.a(soc.c.obj)
                0x0000000000005fe3                posix_is_cpu_running
 .text.posix_change_cpu_state_and_wait
                0x0000000000005fef       0x82 zephyr/soc/posix/inf_clock/libsoc__posix__inf_clock.a(soc.c.obj)
                0x0000000000005fef                posix_change_cpu_state_and_wait
 .text.posix_interrupt_raised
                0x0000000000006071       0x28 zephyr/soc/posix/inf_clock/libsoc__posix__inf_clock.a(soc.c.obj)
                0x0000000000006071                posix_interrupt_raised
 .text.posix_halt_cpu
                0x0000000000006099       0x16 zephyr/soc/posix/inf_clock/libsoc__posix__inf_clock.a(soc.c.obj)
                0x0000000000006099                posix_halt_cpu
 .text.posix_boot_cpu
                0x00000000000060af       0xb0 zephyr/soc/posix/inf_clock/libsoc__posix__inf_clock.a(soc.c.obj)
                0x00000000000060af                posix_boot_cpu
 .text.run_native_tasks
                0x000000000000615f       0x29 zephyr/soc/posix/inf_clock/libsoc__posix__inf_clock.a(soc.c.obj)
                0x000000000000615f                run_native_tasks
 .text.posix_soc_clean_up
                0x0000000000006188       0x99 zephyr/soc/posix/inf_clock/libsoc__posix__inf_clock.a(soc.c.obj)
                0x0000000000006188                posix_soc_clean_up
 .text.hwm_signal_end_handler
                0x0000000000006221        0xb zephyr/boards/posix/native_posix/libboards__posix__native_posix.a(hw_models_top.c.obj)
                0x0000000000006221                hwm_signal_end_handler
 .text.hwm_set_sig_handler
                0x000000000000622c       0xb5 zephyr/boards/posix/native_posix/libboards__posix__native_posix.a(hw_models_top.c.obj)
                0x000000000000622c                hwm_set_sig_handler
 .text.hwm_find_next_timer
                0x00000000000062e1       0x81 zephyr/boards/posix/native_posix/libboards__posix__native_posix.a(hw_models_top.c.obj)
                0x00000000000062e1                hwm_find_next_timer
 .text.hwm_main_loop
                0x0000000000006362       0xec zephyr/boards/posix/native_posix/libboards__posix__native_posix.a(hw_models_top.c.obj)
                0x0000000000006362                hwm_main_loop
 .text.hwm_set_end_of_time
                0x000000000000644e       0x16 zephyr/boards/posix/native_posix/libboards__posix__native_posix.a(hw_models_top.c.obj)
                0x000000000000644e                hwm_set_end_of_time
 .text.hwm_get_time
                0x0000000000006464        0xc zephyr/boards/posix/native_posix/libboards__posix__native_posix.a(hw_models_top.c.obj)
                0x0000000000006464                hwm_get_time
 .text.hwm_init
                0x0000000000006470       0x20 zephyr/boards/posix/native_posix/libboards__posix__native_posix.a(hw_models_top.c.obj)
                0x0000000000006470                hwm_init
 .text.hwm_cleanup
                0x0000000000006490       0x11 zephyr/boards/posix/native_posix/libboards__posix__native_posix.a(hw_models_top.c.obj)
                0x0000000000006490                hwm_cleanup
 .text.hwtimer_update_timer
                0x00000000000064a1       0x37 zephyr/boards/posix/native_posix/libboards__posix__native_posix.a(timer_model.c.obj)
 .text.cmd_realtime_found
                0x00000000000064d8        0x8 zephyr/boards/posix/native_posix/libboards__posix__native_posix.a(timer_model.c.obj)
 .text.cmd_no_realtime_found
                0x00000000000064e0        0x8 zephyr/boards/posix/native_posix/libboards__posix__native_posix.a(timer_model.c.obj)
 .text.cmd_rtcoffset_found
                0x00000000000064e8       0x2e zephyr/boards/posix/native_posix/libboards__posix__native_posix.a(timer_model.c.obj)
 .text.cmd_rtcreset_found
                0x0000000000006516        0x8 zephyr/boards/posix/native_posix/libboards__posix__native_posix.a(timer_model.c.obj)
 .text.native_add_time_options
                0x000000000000651e       0x15 zephyr/boards/posix/native_posix/libboards__posix__native_posix.a(timer_model.c.obj)
 .text.cmd_rt_ratio_found
                0x0000000000006533       0x3c zephyr/boards/posix/native_posix/libboards__posix__native_posix.a(timer_model.c.obj)
 .text.cmd_rt_drift_found
                0x000000000000656f       0x42 zephyr/boards/posix/native_posix/libboards__posix__native_posix.a(timer_model.c.obj)
 .text.cmd_stop_at_found
                0x00000000000065b1       0x99 zephyr/boards/posix/native_posix/libboards__posix__native_posix.a(timer_model.c.obj)
 .text.get_host_us_time
                0x000000000000664a       0xb2 zephyr/boards/posix/native_posix/libboards__posix__native_posix.a(timer_model.c.obj)
                0x000000000000664a                get_host_us_time
 .text.hwtimer_init
                0x00000000000066fc      0x13b zephyr/boards/posix/native_posix/libboards__posix__native_posix.a(timer_model.c.obj)
                0x00000000000066fc                hwtimer_init
 .text.hwtimer_cleanup
                0x0000000000006837        0x1 zephyr/boards/posix/native_posix/libboards__posix__native_posix.a(timer_model.c.obj)
                0x0000000000006837                hwtimer_cleanup
 .text.hwtimer_enable
                0x0000000000006838       0x3e zephyr/boards/posix/native_posix/libboards__posix__native_posix.a(timer_model.c.obj)
                0x0000000000006838                hwtimer_enable
 .text.hwtimer_timer_reached
                0x0000000000006876      0x1de zephyr/boards/posix/native_posix/libboards__posix__native_posix.a(timer_model.c.obj)
                0x0000000000006876                hwtimer_timer_reached
 .text.hwtimer_set_silent_ticks
                0x0000000000006a54       0x16 zephyr/boards/posix/native_posix/libboards__posix__native_posix.a(timer_model.c.obj)
                0x0000000000006a54                hwtimer_set_silent_ticks
 .text.posix_irq_handler
                0x0000000000006a6a      0x117 zephyr/boards/posix/native_posix/libboards__posix__native_posix.a(irq_handler.c.obj)
                0x0000000000006a6a                posix_irq_handler
 .text.posix_irq_handler_im_from_sw
                0x0000000000006b81       0x33 zephyr/boards/posix/native_posix/libboards__posix__native_posix.a(irq_handler.c.obj)
                0x0000000000006b81                posix_irq_handler_im_from_sw
 .text.posix_irq_lock
                0x0000000000006bb4       0x12 zephyr/boards/posix/native_posix/libboards__posix__native_posix.a(irq_handler.c.obj)
                0x0000000000006bb4                posix_irq_lock
 .text.posix_irq_unlock
                0x0000000000006bc6        0x5 zephyr/boards/posix/native_posix/libboards__posix__native_posix.a(irq_handler.c.obj)
                0x0000000000006bc6                posix_irq_unlock
 .text.posix_irq_full_unlock
                0x0000000000006bcb       0x12 zephyr/boards/posix/native_posix/libboards__posix__native_posix.a(irq_handler.c.obj)
                0x0000000000006bcb                posix_irq_full_unlock
 .text.posix_irq_enable
                0x0000000000006bdd        0x5 zephyr/boards/posix/native_posix/libboards__posix__native_posix.a(irq_handler.c.obj)
                0x0000000000006bdd                posix_irq_enable
 .text.posix_isr_declare
                0x0000000000006be2       0x2b zephyr/boards/posix/native_posix/libboards__posix__native_posix.a(irq_handler.c.obj)
                0x0000000000006be2                posix_isr_declare
 .text.posix_irq_priority_set
                0x0000000000006c0d        0x5 zephyr/boards/posix/native_posix/libboards__posix__native_posix.a(irq_handler.c.obj)
                0x0000000000006c0d                posix_irq_priority_set
 .text.irq_raising_from_hw_now
                0x0000000000006c12       0x1f zephyr/boards/posix/native_posix/libboards__posix__native_posix.a(irq_ctrl.c.obj)
 .text.hw_irq_ctrl_irq_raise_prefix
                0x0000000000006c31       0x69 zephyr/boards/posix/native_posix/libboards__posix__native_posix.a(irq_ctrl.c.obj)
 .text.hw_irq_ctrl_init
                0x0000000000006c9a       0x4d zephyr/boards/posix/native_posix/libboards__posix__native_posix.a(irq_ctrl.c.obj)
                0x0000000000006c9a                hw_irq_ctrl_init
 .text.hw_irq_ctrl_cleanup
                0x0000000000006ce7        0x1 zephyr/boards/posix/native_posix/libboards__posix__native_posix.a(irq_ctrl.c.obj)
                0x0000000000006ce7                hw_irq_ctrl_cleanup
 .text.hw_irq_ctrl_set_cur_prio
                0x0000000000006ce8        0xd zephyr/boards/posix/native_posix/libboards__posix__native_posix.a(irq_ctrl.c.obj)
                0x0000000000006ce8                hw_irq_ctrl_set_cur_prio
 .text.hw_irq_ctrl_get_cur_prio
                0x0000000000006cf5        0x6 zephyr/boards/posix/native_posix/libboards__posix__native_posix.a(irq_ctrl.c.obj)
                0x0000000000006cf5                hw_irq_ctrl_get_cur_prio
 .text.hw_irq_ctrl_prio_set
                0x0000000000006cfb       0x11 zephyr/boards/posix/native_posix/libboards__posix__native_posix.a(irq_ctrl.c.obj)
                0x0000000000006cfb                hw_irq_ctrl_prio_set
 .text.hw_irq_ctrl_get_prio
                0x0000000000006d0c        0xe zephyr/boards/posix/native_posix/libboards__posix__native_posix.a(irq_ctrl.c.obj)
                0x0000000000006d0c                hw_irq_ctrl_get_prio
 .text.hw_irq_ctrl_get_highest_prio_irq
                0x0000000000006d1a       0x94 zephyr/boards/posix/native_posix/libboards__posix__native_posix.a(irq_ctrl.c.obj)
                0x0000000000006d1a                hw_irq_ctrl_get_highest_prio_irq
 .text.hw_irq_ctrl_get_current_lock
                0x0000000000006dae        0x8 zephyr/boards/posix/native_posix/libboards__posix__native_posix.a(irq_ctrl.c.obj)
                0x0000000000006dae                hw_irq_ctrl_get_current_lock
 .text.hw_irq_ctrl_change_lock
                0x0000000000006db6       0x35 zephyr/boards/posix/native_posix/libboards__posix__native_posix.a(irq_ctrl.c.obj)
                0x0000000000006db6                hw_irq_ctrl_change_lock
 .text.hw_irq_ctrl_clear_irq
                0x0000000000006deb       0x3d zephyr/boards/posix/native_posix/libboards__posix__native_posix.a(irq_ctrl.c.obj)
                0x0000000000006deb                hw_irq_ctrl_clear_irq
 .text.hw_irq_ctrl_set_irq
                0x0000000000006e28       0x38 zephyr/boards/posix/native_posix/libboards__posix__native_posix.a(irq_ctrl.c.obj)
                0x0000000000006e28                hw_irq_ctrl_set_irq
 .text.hw_irq_ctrl_raise_im_from_sw
                0x0000000000006e60       0x1f zephyr/boards/posix/native_posix/libboards__posix__native_posix.a(irq_ctrl.c.obj)
                0x0000000000006e60                hw_irq_ctrl_raise_im_from_sw
 .text.hw_irq_ctrl_enable_irq
                0x0000000000006e7f       0x4a zephyr/boards/posix/native_posix/libboards__posix__native_posix.a(irq_ctrl.c.obj)
                0x0000000000006e7f                hw_irq_ctrl_enable_irq
 .text.hw_irq_ctrl_timer_triggered
                0x0000000000006ec9       0x19 zephyr/boards/posix/native_posix/libboards__posix__native_posix.a(irq_ctrl.c.obj)
                0x0000000000006ec9                hw_irq_ctrl_timer_triggered
 .text.posix_exit
                0x0000000000006ee2       0x35 zephyr/boards/posix/native_posix/libboards__posix__native_posix.a(main.c.obj)
                0x0000000000006ee2                posix_exit
 .text.main     0x0000000000006f17       0x70 zephyr/boards/posix/native_posix/libboards__posix__native_posix.a(main.c.obj)
                0x0000000000006f17                main
 .text.trace_disable_color
                0x0000000000006f87       0x15 zephyr/boards/posix/native_posix/libboards__posix__native_posix.a(tracing.c.obj)
                0x0000000000006f87                trace_disable_color
 .text.trace_enable_color
                0x0000000000006f9c       0x15 zephyr/boards/posix/native_posix/libboards__posix__native_posix.a(tracing.c.obj)
                0x0000000000006f9c                trace_enable_color
 .text.trace_force_color
                0x0000000000006fb1       0x15 zephyr/boards/posix/native_posix/libboards__posix__native_posix.a(tracing.c.obj)
                0x0000000000006fb1                trace_force_color
 .text.decide_about_color
                0x0000000000006fc6       0x3e zephyr/boards/posix/native_posix/libboards__posix__native_posix.a(tracing.c.obj)
 .text.posix_print_error_and_exit
                0x0000000000007004       0x2b zephyr/boards/posix/native_posix/libboards__posix__native_posix.a(tracing.c.obj)
                0x0000000000007004                posix_print_error_and_exit
 .text.posix_print_warning
                0x000000000000702f       0x1f zephyr/boards/posix/native_posix/libboards__posix__native_posix.a(tracing.c.obj)
                0x000000000000702f                posix_print_warning
 .text.posix_print_trace
                0x000000000000704e       0x1f zephyr/boards/posix/native_posix/libboards__posix__native_posix.a(tracing.c.obj)
                0x000000000000704e                posix_print_trace
 .text.native_add_tracing_options
                0x000000000000706d       0x15 zephyr/boards/posix/native_posix/libboards__posix__native_posix.a(tracing.c.obj)
                0x000000000000706d                native_add_tracing_options
 .text.cmd_gen_switch_syntax.constprop.0
                0x0000000000007082       0xab zephyr/boards/posix/native_posix/libboards__posix__native_posix.a(cmdline_common.c.obj)
 .text.cmd_is_option
                0x000000000000712d       0x9b zephyr/boards/posix/native_posix/libboards__posix__native_posix.a(cmdline_common.c.obj)
                0x000000000000712d                cmd_is_option
 .text.cmd_is_help_option
                0x00000000000071c8       0x6c zephyr/boards/posix/native_posix/libboards__posix__native_posix.a(cmdline_common.c.obj)
                0x00000000000071c8                cmd_is_help_option
 .text.cmd_read_option_value
                0x0000000000007234      0x197 zephyr/boards/posix/native_posix/libboards__posix__native_posix.a(cmdline_common.c.obj)
                0x0000000000007234                cmd_read_option_value
 .text.cmd_args_set_defaults
                0x00000000000073cb       0xa5 zephyr/boards/posix/native_posix/libboards__posix__native_posix.a(cmdline_common.c.obj)
                0x00000000000073cb                cmd_args_set_defaults
 .text.cmd_print_switches_help
                0x0000000000007470       0xc7 zephyr/boards/posix/native_posix/libboards__posix__native_posix.a(cmdline_common.c.obj)
                0x0000000000007470                cmd_print_switches_help
 .text.cmd_print_long_help
                0x0000000000007537      0x133 zephyr/boards/posix/native_posix/libboards__posix__native_posix.a(cmdline_common.c.obj)
                0x0000000000007537                cmd_print_long_help
 .text.cmd_parse_one_arg
                0x000000000000766a       0xbc zephyr/boards/posix/native_posix/libboards__posix__native_posix.a(cmdline_common.c.obj)
                0x000000000000766a                cmd_parse_one_arg
 .text.native_cleanup_cmd_line
                0x0000000000007726       0x25 zephyr/boards/posix/native_posix/libboards__posix__native_posix.a(cmdline.c.obj)
                0x0000000000007726                native_cleanup_cmd_line
 .text.native_add_command_line_opts
                0x000000000000774b       0x98 zephyr/boards/posix/native_posix/libboards__posix__native_posix.a(cmdline.c.obj)
                0x000000000000774b                native_add_command_line_opts
 .text.native_add_testargs_option
                0x00000000000077e3       0x15 zephyr/boards/posix/native_posix/libboards__posix__native_posix.a(cmdline.c.obj)
                0x00000000000077e3                native_add_testargs_option
 .text.native_handle_cmd_line
                0x00000000000077f8       0xb3 zephyr/boards/posix/native_posix/libboards__posix__native_posix.a(cmdline.c.obj)
                0x00000000000077f8                native_handle_cmd_line
 .text.hw_counter_init
                0x00000000000078ab       0x58 zephyr/boards/posix/native_posix/libboards__posix__native_posix.a(hw_counter.c.obj)
                0x00000000000078ab                hw_counter_init
 .text.hw_counter_triggered
                0x0000000000007903       0x7b zephyr/boards/posix/native_posix/libboards__posix__native_posix.a(hw_counter.c.obj)
                0x0000000000007903                hw_counter_triggered
 .text.fixed_data_unref
                0x000000000000797e        0x1 zephyr/subsys/net/libsubsys__net.a(buf.c.obj)
 .text.net_buf_id
                0x000000000000797f       0x1e zephyr/subsys/net/libsubsys__net.a(buf.c.obj)
                0x000000000000797f                net_buf_id
 .text.fixed_data_alloc
                0x000000000000799d       0x3a zephyr/subsys/net/libsubsys__net.a(buf.c.obj)
 .text.net_buf_alloc_len
                0x00000000000079d7      0x17c zephyr/subsys/net/libsubsys__net.a(buf.c.obj)
                0x00000000000079d7                net_buf_alloc_len
 .text.net_buf_alloc_fixed
                0x0000000000007b53       0x22 zephyr/subsys/net/libsubsys__net.a(buf.c.obj)
                0x0000000000007b53                net_buf_alloc_fixed
 .text.net_buf_unref
                0x0000000000007b75       0x7f zephyr/subsys/net/libsubsys__net.a(buf.c.obj)
                0x0000000000007b75                net_buf_unref
 .text.net_buf_frag_last
                0x0000000000007bf4       0x12 zephyr/subsys/net/libsubsys__net.a(buf.c.obj)
                0x0000000000007bf4                net_buf_frag_last
 .text.net_buf_frag_insert
                0x0000000000007c06       0x23 zephyr/subsys/net/libsubsys__net.a(buf.c.obj)
                0x0000000000007c06                net_buf_frag_insert
 .text.net_buf_simple_add
                0x0000000000007c29       0x17 zephyr/subsys/net/libsubsys__net.a(buf.c.obj)
                0x0000000000007c29                net_buf_simple_add
 .text.net_buf_simple_pull
                0x0000000000007c40       0x13 zephyr/subsys/net/libsubsys__net.a(buf.c.obj)
                0x0000000000007c40                net_buf_simple_pull
 .text.net_buf_simple_pull_mem
                0x0000000000007c53       0x17 zephyr/subsys/net/libsubsys__net.a(buf.c.obj)
                0x0000000000007c53                net_buf_simple_pull_mem
 .text.net_buf_simple_max_len
                0x0000000000007c6a       0x13 zephyr/subsys/net/libsubsys__net.a(buf.c.obj)
                0x0000000000007c6a                net_buf_simple_max_len
 .text.ethernet_enable
                0x0000000000007c7d       0x3d zephyr/subsys/net/l2/ethernet/libsubsys__net__l2__ethernet.a(ethernet.c.obj)
 .text.ethernet_flags
                0x0000000000007cba       0x10 zephyr/subsys/net/l2/ethernet/libsubsys__net__l2__ethernet.a(ethernet.c.obj)
                0x0000000000007cba                ethernet_flags
 .text.carrier_on_off
                0x0000000000007cca       0x42 zephyr/subsys/net/l2/ethernet/libsubsys__net__l2__ethernet.a(ethernet.c.obj)
 .text.net_eth_get_hw_capabilities.isra.0
                0x0000000000007d0c       0x1d zephyr/subsys/net/l2/ethernet/libsubsys__net__l2__ethernet.a(ethernet.c.obj)
 .text.ethernet_recv
                0x0000000000007d29      0x150 zephyr/subsys/net/l2/ethernet/libsubsys__net__l2__ethernet.a(ethernet.c.obj)
 .text.ethernet_send
                0x0000000000007e79      0x151 zephyr/subsys/net/l2/ethernet/libsubsys__net__l2__ethernet.a(ethernet.c.obj)
 .text.ethernet_init
                0x0000000000007fca       0x43 zephyr/subsys/net/l2/ethernet/libsubsys__net__l2__ethernet.a(ethernet.c.obj)
                0x0000000000007fca                ethernet_init
 .text.net_ipv6_is_addr_loopback
                0x000000000000800d       0x25 zephyr/subsys/net/ip/libsubsys__net__ip.a(net_core.c.obj)
 .text.processing_data
                0x0000000000008032       0x6b zephyr/subsys/net/ip/libsubsys__net__ip.a(net_core.c.obj)
 .text.net_init
                0x000000000000809d       0x3c zephyr/subsys/net/ip/libsubsys__net__ip.a(net_core.c.obj)
 .text.net_send_data
                0x00000000000080d9      0x161 zephyr/subsys/net/ip/libsubsys__net__ip.a(net_core.c.obj)
                0x00000000000080d9                net_send_data
 .text.net_process_rx_packet
                0x000000000000823a       0x1b zephyr/subsys/net/ip/libsubsys__net__ip.a(net_core.c.obj)
                0x000000000000823a                net_process_rx_packet
 .text.net_recv_data
                0x0000000000008255       0x84 zephyr/subsys/net/ip/libsubsys__net__ip.a(net_core.c.obj)
                0x0000000000008255                net_recv_data
 .text.sys_slist_append
                0x00000000000082d9       0x19 zephyr/subsys/net/ip/libsubsys__net__ip.a(net_if.c.obj)
 .text.sys_slist_find_and_remove
                0x00000000000082f2       0x44 zephyr/subsys/net/ip/libsubsys__net__ip.a(net_if.c.obj)
 .text.net_if_l2
                0x0000000000008336        0xe zephyr/subsys/net/ip/libsubsys__net__ip.a(net_if.c.obj)
 .text.net_context_send_cb
                0x0000000000008344       0x1d zephyr/subsys/net/ip/libsubsys__net__ip.a(net_if.c.obj)
 .text.l2_flags_get
                0x0000000000008361       0x29 zephyr/subsys/net/ip/libsubsys__net__ip.a(net_if.c.obj)
 .text.net_ipv6_is_prefix
                0x000000000000838a       0x6b zephyr/subsys/net/ip/libsubsys__net__ip.a(net_if.c.obj)
 .text.net_ipv6_addr_cmp
                0x00000000000083f5       0x19 zephyr/subsys/net/ip/libsubsys__net__ip.a(net_if.c.obj)
 .text.k_uptime_get_32
                0x000000000000840e       0x14 zephyr/subsys/net/ip/libsubsys__net__ip.a(net_if.c.obj)
 .text.atomic_set_bit
                0x0000000000008422       0x19 zephyr/subsys/net/ip/libsubsys__net__ip.a(net_if.c.obj)
 .text.k_mutex_lock.constprop.0.isra.0
                0x000000000000843b       0x17 zephyr/subsys/net/ip/libsubsys__net__ip.a(net_if.c.obj)
 .text.k_mutex_unlock.constprop.0.isra.0
                0x0000000000008452       0x15 zephyr/subsys/net/ip/libsubsys__net__ip.a(net_if.c.obj)
 .text.iface_router_update_timer
                0x0000000000008467       0x94 zephyr/subsys/net/ip/libsubsys__net__ip.a(net_if.c.obj)
 .text.address_lifetime_timeout
                0x00000000000084fb       0xdb zephyr/subsys/net/ip/libsubsys__net__ip.a(net_if.c.obj)
 .text.net_if_flag_is_set
                0x00000000000085d6       0x14 zephyr/subsys/net/ip/libsubsys__net__ip.a(net_if.c.obj)
 .text.net_if_ipv6_start_dad
                0x00000000000085ea       0x6e zephyr/subsys/net/ip/libsubsys__net__ip.a(net_if.c.obj)
 .text.net_if_ipv6_get_best_match.isra.0
                0x0000000000008658       0xce zephyr/subsys/net/ip/libsubsys__net__ip.a(net_if.c.obj)
 .text.need_calc_checksum
                0x0000000000008726       0x3c zephyr/subsys/net/ip/libsubsys__net__ip.a(net_if.c.obj)
 .text.net_if_flag_clear.isra.0
                0x0000000000008762       0x14 zephyr/subsys/net/ip/libsubsys__net__ip.a(net_if.c.obj)
 .text.iface_router_expired
                0x0000000000008776       0x97 zephyr/subsys/net/ip/libsubsys__net__ip.a(net_if.c.obj)
 .text.z_impl_net_if_get_by_index
                0x000000000000880d       0x1e zephyr/subsys/net/ip/libsubsys__net__ip.a(net_if.c.obj)
                0x000000000000880d                z_impl_net_if_get_by_index
 .text.net_if_set_link_addr_locked
                0x000000000000882b       0x55 zephyr/subsys/net/ip/libsubsys__net__ip.a(net_if.c.obj)
                0x000000000000882b                net_if_set_link_addr_locked
 .text.net_if_config_ipv6_get
                0x0000000000008880       0x79 zephyr/subsys/net/ip/libsubsys__net__ip.a(net_if.c.obj)
                0x0000000000008880                net_if_config_ipv6_get
 .text.net_if_start_rs
                0x00000000000088f9       0x75 zephyr/subsys/net/ip/libsubsys__net__ip.a(net_if.c.obj)
                0x00000000000088f9                net_if_start_rs
 .text.rs_timeout
                0x000000000000896e      0x10e zephyr/subsys/net/ip/libsubsys__net__ip.a(net_if.c.obj)
 .text.net_if_stop_rs
                0x0000000000008a7c       0x31 zephyr/subsys/net/ip/libsubsys__net__ip.a(net_if.c.obj)
                0x0000000000008a7c                net_if_stop_rs
 .text.net_if_ipv6_addr_lookup
                0x0000000000008aad       0x98 zephyr/subsys/net/ip/libsubsys__net__ip.a(net_if.c.obj)
                0x0000000000008aad                net_if_ipv6_addr_lookup
 .text.dad_timeout
                0x0000000000008b45      0x111 zephyr/subsys/net/ip/libsubsys__net__ip.a(net_if.c.obj)
 .text.net_if_ipv6_addr_lookup_by_iface
                0x0000000000008c56       0x74 zephyr/subsys/net/ip/libsubsys__net__ip.a(net_if.c.obj)
                0x0000000000008c56                net_if_ipv6_addr_lookup_by_iface
 .text.net_if_ipv6_addr_update_lifetime
                0x0000000000008cca       0x55 zephyr/subsys/net/ip/libsubsys__net__ip.a(net_if.c.obj)
                0x0000000000008cca                net_if_ipv6_addr_update_lifetime
 .text.net_if_ipv6_addr_add
                0x0000000000008d1f      0x1d5 zephyr/subsys/net/ip/libsubsys__net__ip.a(net_if.c.obj)
                0x0000000000008d1f                net_if_ipv6_addr_add
 .text.net_if_start_dad
                0x0000000000008ef4      0x142 zephyr/subsys/net/ip/libsubsys__net__ip.a(net_if.c.obj)
                0x0000000000008ef4                net_if_start_dad
 .text.net_if_ipv6_maddr_rm
                0x0000000000009036       0x72 zephyr/subsys/net/ip/libsubsys__net__ip.a(net_if.c.obj)
                0x0000000000009036                net_if_ipv6_maddr_rm
 .text.net_if_ipv6_addr_rm
                0x00000000000090a8      0x101 zephyr/subsys/net/ip/libsubsys__net__ip.a(net_if.c.obj)
                0x00000000000090a8                net_if_ipv6_addr_rm
 .text.net_if_ipv6_dad_failed
                0x00000000000091a9       0x4a zephyr/subsys/net/ip/libsubsys__net__ip.a(net_if.c.obj)
                0x00000000000091a9                net_if_ipv6_dad_failed
 .text.remove_prefix_addresses
                0x00000000000091f3       0x85 zephyr/subsys/net/ip/libsubsys__net__ip.a(net_if.c.obj)
 .text.prefix_lifetime_timeout
                0x0000000000009278       0xe1 zephyr/subsys/net/ip/libsubsys__net__ip.a(net_if.c.obj)
 .text.net_if_ipv6_maddr_lookup
                0x0000000000009359       0xa4 zephyr/subsys/net/ip/libsubsys__net__ip.a(net_if.c.obj)
                0x0000000000009359                net_if_ipv6_maddr_lookup
 .text.net_if_ipv6_maddr_add
                0x00000000000093fd       0xc8 zephyr/subsys/net/ip/libsubsys__net__ip.a(net_if.c.obj)
                0x00000000000093fd                net_if_ipv6_maddr_add
 .text.net_if_ipv6_maddr_join
                0x00000000000094c5       0x1e zephyr/subsys/net/ip/libsubsys__net__ip.a(net_if.c.obj)
                0x00000000000094c5                net_if_ipv6_maddr_join
 .text.net_if_mcast_monitor
                0x00000000000094e3       0x53 zephyr/subsys/net/ip/libsubsys__net__ip.a(net_if.c.obj)
                0x00000000000094e3                net_if_mcast_monitor
 .text.net_if_ipv6_prefix_add
                0x0000000000009536      0x150 zephyr/subsys/net/ip/libsubsys__net__ip.a(net_if.c.obj)
                0x0000000000009536                net_if_ipv6_prefix_add
 .text.net_if_ipv6_prefix_lookup
                0x0000000000009686       0x7e zephyr/subsys/net/ip/libsubsys__net__ip.a(net_if.c.obj)
                0x0000000000009686                net_if_ipv6_prefix_lookup
 .text.net_if_ipv6_addr_onlink
                0x0000000000009704       0xa4 zephyr/subsys/net/ip/libsubsys__net__ip.a(net_if.c.obj)
                0x0000000000009704                net_if_ipv6_addr_onlink
 .text.net_if_ipv6_prefix_set_timer
                0x00000000000097a8       0x64 zephyr/subsys/net/ip/libsubsys__net__ip.a(net_if.c.obj)
                0x00000000000097a8                net_if_ipv6_prefix_set_timer
 .text.net_if_ipv6_prefix_unset_timer
                0x000000000000980c       0x40 zephyr/subsys/net/ip/libsubsys__net__ip.a(net_if.c.obj)
                0x000000000000980c                net_if_ipv6_prefix_unset_timer
 .text.net_if_ipv6_prefix_rm
                0x000000000000984c       0xcd zephyr/subsys/net/ip/libsubsys__net__ip.a(net_if.c.obj)
                0x000000000000984c                net_if_ipv6_prefix_rm
 .text.net_if_ipv6_router_lookup
                0x0000000000009919       0x52 zephyr/subsys/net/ip/libsubsys__net__ip.a(net_if.c.obj)
                0x0000000000009919                net_if_ipv6_router_lookup
 .text.net_if_ipv6_router_find_default
                0x000000000000996b       0x68 zephyr/subsys/net/ip/libsubsys__net__ip.a(net_if.c.obj)
                0x000000000000996b                net_if_ipv6_router_find_default
 .text.net_if_ipv6_router_update_lifetime
                0x00000000000099d3       0x1f zephyr/subsys/net/ip/libsubsys__net__ip.a(net_if.c.obj)
                0x00000000000099d3                net_if_ipv6_router_update_lifetime
 .text.net_if_ipv6_router_add
                0x00000000000099f2       0xaa zephyr/subsys/net/ip/libsubsys__net__ip.a(net_if.c.obj)
                0x00000000000099f2                net_if_ipv6_router_add
 .text.net_if_ipv6_router_rm
                0x0000000000009a9c       0x4d zephyr/subsys/net/ip/libsubsys__net__ip.a(net_if.c.obj)
                0x0000000000009a9c                net_if_ipv6_router_rm
 .text.net_if_ipv6_get_hop_limit
                0x0000000000009ae9       0x2d zephyr/subsys/net/ip/libsubsys__net__ip.a(net_if.c.obj)
                0x0000000000009ae9                net_if_ipv6_get_hop_limit
 .text.net_ipv6_set_hop_limit
                0x0000000000009b16       0x2a zephyr/subsys/net/ip/libsubsys__net__ip.a(net_if.c.obj)
                0x0000000000009b16                net_ipv6_set_hop_limit
 .text.net_if_ipv6_get_ll
                0x0000000000009b40       0x78 zephyr/subsys/net/ip/libsubsys__net__ip.a(net_if.c.obj)
                0x0000000000009b40                net_if_ipv6_get_ll
 .text.net_if_ipv6_select_src_addr
                0x0000000000009bb8       0xd6 zephyr/subsys/net/ip/libsubsys__net__ip.a(net_if.c.obj)
                0x0000000000009bb8                net_if_ipv6_select_src_addr
 .text.net_if_ipv6_calc_reachable_time
                0x0000000000009c8e       0x38 zephyr/subsys/net/ip/libsubsys__net__ip.a(net_if.c.obj)
                0x0000000000009c8e                net_if_ipv6_calc_reachable_time
 .text.net_if_recv_data
                0x0000000000009cc6       0x18 zephyr/subsys/net/ip/libsubsys__net__ip.a(net_if.c.obj)
                0x0000000000009cc6                net_if_recv_data
 .text.net_if_call_link_cb
                0x0000000000009cde       0x4e zephyr/subsys/net/ip/libsubsys__net__ip.a(net_if.c.obj)
                0x0000000000009cde                net_if_call_link_cb
 .text.net_if_tx.isra.0
                0x0000000000009d2c       0xf3 zephyr/subsys/net/ip/libsubsys__net__ip.a(net_if.c.obj)
 .text.net_if_queue_tx
                0x0000000000009e1f       0x25 zephyr/subsys/net/ip/libsubsys__net__ip.a(net_if.c.obj)
                0x0000000000009e1f                net_if_queue_tx
 .text.net_if_send_data
                0x0000000000009e44       0xe3 zephyr/subsys/net/ip/libsubsys__net__ip.a(net_if.c.obj)
                0x0000000000009e44                net_if_send_data
 .text.net_if_need_calc_tx_checksum
                0x0000000000009f27       0x11 zephyr/subsys/net/ip/libsubsys__net__ip.a(net_if.c.obj)
                0x0000000000009f27                net_if_need_calc_tx_checksum
 .text.net_if_need_calc_rx_checksum
                0x0000000000009f38       0x11 zephyr/subsys/net/ip/libsubsys__net__ip.a(net_if.c.obj)
                0x0000000000009f38                net_if_need_calc_rx_checksum
 .text.net_if_up
                0x0000000000009f49       0x83 zephyr/subsys/net/ip/libsubsys__net__ip.a(net_if.c.obj)
                0x0000000000009f49                net_if_up
 .text.net_if_carrier_down
                0x0000000000009fcc       0x23 zephyr/subsys/net/ip/libsubsys__net__ip.a(net_if.c.obj)
                0x0000000000009fcc                net_if_carrier_down
 .text.net_if_init
                0x0000000000009fef      0x135 zephyr/subsys/net/ip/libsubsys__net__ip.a(net_if.c.obj)
                0x0000000000009fef                net_if_init
 .text.net_if_post_init
                0x000000000000a124       0x38 zephyr/subsys/net/ip/libsubsys__net__ip.a(net_if.c.obj)
                0x000000000000a124                net_if_post_init
 .text.net_timeout_set
                0x000000000000a15c       0x68 zephyr/subsys/net/ip/libsubsys__net__ip.a(net_timeout.c.obj)
                0x000000000000a15c                net_timeout_set
 .text.net_timeout_remaining
                0x000000000000a1c4       0x48 zephyr/subsys/net/ip/libsubsys__net__ip.a(net_timeout.c.obj)
                0x000000000000a1c4                net_timeout_remaining
 .text.net_timeout_evaluate
                0x000000000000a20c       0x74 zephyr/subsys/net/ip/libsubsys__net__ip.a(net_timeout.c.obj)
                0x000000000000a20c                net_timeout_evaluate
 .text.calc_chksum
                0x000000000000a280       0x59 zephyr/subsys/net/ip/libsubsys__net__ip.a(utils.c.obj)
 .text.net_byte_to_hex
                0x000000000000a2d9       0x55 zephyr/subsys/net/ip/libsubsys__net__ip.a(utils.c.obj)
                0x000000000000a2d9                net_byte_to_hex
 .text.net_sprint_ll_addr_buf
                0x000000000000a32e       0x7e zephyr/subsys/net/ip/libsubsys__net__ip.a(utils.c.obj)
                0x000000000000a32e                net_sprint_ll_addr_buf
 .text.net_calc_chksum
                0x000000000000a3ac      0x134 zephyr/subsys/net/ip/libsubsys__net__ip.a(utils.c.obj)
                0x000000000000a3ac                net_calc_chksum
 .text.net_ipv6_unspecified_address
                0x000000000000a4e0        0x6 zephyr/subsys/net/ip/libsubsys__net__ip.a(utils.c.obj)
                0x000000000000a4e0                net_ipv6_unspecified_address
 .text.net_context_init
                0x000000000000a4e6       0x19 zephyr/subsys/net/ip/libsubsys__net__ip.a(net_context.c.obj)
                0x000000000000a4e6                net_context_init
 .text.pkt_cursor_jump